Component: ARM Compiler 5.06 update 3 (build 300) Tool: armlink [4d35c9]

==============================================================================

Section Cross References

    startup_stm32f103xb.o(RESET) refers to startup_stm32f103xb.o(STACK) for __initial_sp
    startup_stm32f103xb.o(RESET) refers to startup_stm32f103xb.o(.text) for Reset_Handler
    startup_stm32f103xb.o(RESET) refers to stm32f1xx_it.o(i.NMI_Handler) for NMI_Handler
    startup_stm32f103xb.o(RESET) refers to stm32f1xx_it.o(i.HardFault_Handler) for HardFault_Handler
    startup_stm32f103xb.o(RESET) refers to stm32f1xx_it.o(i.MemManage_Handler) for MemManage_Handler
    startup_stm32f103xb.o(RESET) refers to stm32f1xx_it.o(i.BusFault_Handler) for BusFault_Handler
    startup_stm32f103xb.o(RESET) refers to stm32f1xx_it.o(i.UsageFault_Handler) for UsageFault_Handler
    startup_stm32f103xb.o(RESET) refers to stm32f1xx_it.o(i.SVC_Handler) for SVC_Handler
    startup_stm32f103xb.o(RESET) refers to stm32f1xx_it.o(i.DebugMon_Handler) for DebugMon_Handler
    startup_stm32f103xb.o(RESET) refers to stm32f1xx_it.o(i.PendSV_Handler) for PendSV_Handler
    startup_stm32f103xb.o(RESET) refers to stm32f1xx_it.o(i.SysTick_Handler) for SysTick_Handler
    startup_stm32f103xb.o(RESET) refers to stm32f1xx_it.o(i.RTC_IRQHandler) for RTC_IRQHandler
    startup_stm32f103xb.o(RESET) refers to stm32f1xx_it.o(i.TIM4_IRQHandler) for TIM4_IRQHandler
    startup_stm32f103xb.o(RESET) refers to stm32f1xx_it.o(i.USART1_IRQHandler) for USART1_IRQHandler
    startup_stm32f103xb.o(RESET) refers to stm32f1xx_it.o(i.USART2_IRQHandler) for USART2_IRQHandler
    startup_stm32f103xb.o(RESET) refers to stm32f1xx_it.o(i.EXTI15_10_IRQHandler) for EXTI15_10_IRQHandler
    startup_stm32f103xb.o(.text) refers to system_stm32f1xx.o(i.SystemInit) for SystemInit
    startup_stm32f103xb.o(.text) refers to entry.o(.ARM.Collect$$$$00000000) for __main
    main.o(i.Angle) refers to dflti.o(.text) for __aeabi_i2d
    main.o(i.Angle) refers to dmul.o(.text) for __aeabi_dmul
    main.o(i.Angle) refers to dfixi.o(.text) for __aeabi_d2iz
    main.o(i.Angle) refers to main.o(.data) for .data
    main.o(i.Conver_week) refers to main.o(.data) for .data
    main.o(i.Display) refers to lcd_zk.o(i.display_GB2312_string) for display_GB2312_string
    main.o(i.Display) refers to main.o(i.display_buff) for display_buff
    main.o(i.Display) refers to main.o(.data) for .data
    main.o(i.GLL_Dispose) refers to dflti.o(.text) for __aeabi_i2d
    main.o(i.GLL_Dispose) refers to ddiv.o(.text) for __aeabi_ddiv
    main.o(i.GLL_Dispose) refers to dadd.o(.text) for __aeabi_dadd
    main.o(i.GLL_Dispose) refers to dfixui.o(.text) for __aeabi_d2uiz
    main.o(i.GLL_Dispose) refers to main.o(.data) for .data
    main.o(i.GLL_Dispose) refers to main.o(.bss) for .bss
    main.o(i.GSM_Init) refers to stm32f1xx_hal_uart.o(i.HAL_UART_Transmit) for HAL_UART_Transmit
    main.o(i.GSM_Init) refers to stm32f1xx_hal.o(i.HAL_Delay) for HAL_Delay
    main.o(i.GSM_Init) refers to main.o(i.Uart1Databyte) for Uart1Databyte
    main.o(i.GSM_Init) refers to main.o(i.Uart1Data) for Uart1Data
    main.o(i.GSM_Init) refers to main.o(.data) for .data
    main.o(i.GSM_Init) refers to main.o(.bss) for .bss
    main.o(i.GSM_Init) refers to main.o(.conststring) for .conststring
    main.o(i.Get_Time) refers to stm32f1xx_hal_rtc.o(i.HAL_RTC_SetTime) for HAL_RTC_SetTime
    main.o(i.Get_Time) refers to stm32f1xx_hal_rtc.o(i.HAL_RTC_SetDate) for HAL_RTC_SetDate
    main.o(i.Get_Time) refers to stm32f1xx_hal_rtc_ex.o(i.HAL_RTCEx_BKUPWrite) for HAL_RTCEx_BKUPWrite
    main.o(i.Get_Time) refers to stm32f1xx_hal_rtc.o(i.HAL_RTC_GetTime) for HAL_RTC_GetTime
    main.o(i.Get_Time) refers to stm32f1xx_hal_rtc.o(i.HAL_RTC_GetDate) for HAL_RTC_GetDate
    main.o(i.Get_Time) refers to main.o(.data) for .data
    main.o(i.Get_Time) refers to main.o(.bss) for .bss
    main.o(i.HAL_GPIO_EXTI_Callback) refers to main.o(.data) for .data
    main.o(i.HAL_TIM_PeriodElapsedCallback) refers to main.o(i.Key_Dispose) for Key_Dispose
    main.o(i.HAL_TIM_PeriodElapsedCallback) refers to stm32f1xx_hal_gpio.o(i.HAL_GPIO_WritePin) for HAL_GPIO_WritePin
    main.o(i.HAL_TIM_PeriodElapsedCallback) refers to main.o(.bss) for .bss
    main.o(i.HAL_TIM_PeriodElapsedCallback) refers to main.o(.data) for .data
    main.o(i.HAL_UART_RxCpltCallback) refers to stm32f1xx_hal_uart.o(i.HAL_UART_Receive_IT) for HAL_UART_Receive_IT
    main.o(i.HAL_UART_RxCpltCallback) refers to strcpy.o(.text) for strcpy
    main.o(i.HAL_UART_RxCpltCallback) refers to main.o(.bss) for .bss
    main.o(i.HAL_UART_RxCpltCallback) refers to main.o(.data) for .data
    main.o(i.Key_Dispose) refers to stm32f1xx_hal_gpio.o(i.HAL_GPIO_ReadPin) for HAL_GPIO_ReadPin
    main.o(i.Key_Dispose) refers to main.o(.data) for .data
    main.o(i.MX_GPIO_Init) refers to stm32f1xx_hal_gpio.o(i.HAL_GPIO_WritePin) for HAL_GPIO_WritePin
[...]
    Removing stm32f1xx_hal_cortex.o(i.HAL_SYSTICK_IRQHandler), (8 bytes).
    Removing stm32f1xx_hal_pwr.o(.rev16_text), (4 bytes).
    Removing stm32f1xx_hal_pwr.o(.revsh_text), (4 bytes).
    Removing stm32f1xx_hal_pwr.o(.rrx_text), (6 bytes).
    Removing stm32f1xx_hal_pwr.o(i.HAL_PWR_ConfigPVD), (124 bytes).
    Removing stm32f1xx_hal_pwr.o(i.HAL_PWR_DeInit), (24 bytes).
    Removing stm32f1xx_hal_pwr.o(i.HAL_PWR_DisableBkUpAccess), (12 bytes).
    Removing stm32f1xx_hal_pwr.o(i.HAL_PWR_DisablePVD), (12 bytes).
    Removing stm32f1xx_hal_pwr.o(i.HAL_PWR_DisableSEVOnPend), (16 bytes).
    Removing stm32f1xx_hal_pwr.o(i.HAL_PWR_DisableSleepOnExit), (16 bytes).
    Removing stm32f1xx_hal_pwr.o(i.HAL_PWR_DisableWakeUpPin), (28 bytes).
    Removing stm32f1xx_hal_pwr.o(i.HAL_PWR_EnablePVD), (12 bytes).
    Removing stm32f1xx_hal_pwr.o(i.HAL_PWR_EnableSEVOnPend), (16 bytes).
    Removing stm32f1xx_hal_pwr.o(i.HAL_PWR_EnableSleepOnExit), (16 bytes).
    Removing stm32f1xx_hal_pwr.o(i.HAL_PWR_EnableWakeUpPin), (28 bytes).
    Removing stm32f1xx_hal_pwr.o(i.HAL_PWR_EnterSLEEPMode), (32 bytes).
    Removing stm32f1xx_hal_pwr.o(i.HAL_PWR_EnterSTANDBYMode), (32 bytes).
    Removing stm32f1xx_hal_pwr.o(i.HAL_PWR_EnterSTOPMode), (68 bytes).
    Removing stm32f1xx_hal_pwr.o(i.HAL_PWR_PVDCallback), (2 bytes).
    Removing stm32f1xx_hal_pwr.o(i.HAL_PWR_PVD_IRQHandler), (28 bytes).
    Removing stm32f1xx_hal_pwr.o(i.PWR_OverloadWfe), (6 bytes).
    Removing stm32f1xx_hal_flash.o(.rev16_text), (4 bytes).
    Removing stm32f1xx_hal_flash.o(.revsh_text), (4 bytes).
    Removing stm32f1xx_hal_flash.o(.rrx_text), (6 bytes).
    Removing stm32f1xx_hal_flash.o(i.HAL_FLASH_EndOfOperationCallback), (2 bytes).
    Removing stm32f1xx_hal_flash.o(i.HAL_FLASH_GetError), (12 bytes).
    Removing stm32f1xx_hal_flash.o(i.HAL_FLASH_IRQHandler), (264 bytes).
    Removing stm32f1xx_hal_flash.o(i.HAL_FLASH_OB_Launch), (4 bytes).
    Removing stm32f1xx_hal_flash.o(i.HAL_FLASH_OB_Lock), (20 bytes).
    Removing stm32f1xx_hal_flash.o(i.HAL_FLASH_OB_Unlock), (36 bytes).
    Removing stm32f1xx_hal_flash.o(i.HAL_FLASH_OperationErrorCallback), (2 bytes).
    Removing stm32f1xx_hal_flash.o(i.HAL_FLASH_Program_IT), (100 bytes).
    Removing stm32f1xx_hal_flash_ex.o(.rev16_text), (4 bytes).
    Removing stm32f1xx_hal_flash_ex.o(.revsh_text), (4 bytes).
    Removing stm32f1xx_hal_flash_ex.o(.rrx_text), (6 bytes).
    Removing stm32f1xx_hal_flash_ex.o(i.FLASH_OB_DisableWRP), (176 bytes).
    Removing stm32f1xx_hal_flash_ex.o(i.FLASH_OB_EnableWRP), (176 bytes).
    Removing stm32f1xx_hal_flash_ex.o(i.FLASH_OB_GetRDP), (24 bytes).
    Removing stm32f1xx_hal_flash_ex.o(i.FLASH_OB_RDP_LevelConfig), (100 bytes).
    Removing stm32f1xx_hal_flash_ex.o(i.HAL_FLASHEx_Erase_IT), (84 bytes).
    Removing stm32f1xx_hal_flash_ex.o(i.HAL_FLASHEx_OBErase), (84 bytes).
    Removing stm32f1xx_hal_flash_ex.o(i.HAL_FLASHEx_OBGetConfig), (36 bytes).
    Removing stm32f1xx_hal_flash_ex.o(i.HAL_FLASHEx_OBGetUserData), (32 bytes).
    Removing stm32f1xx_hal_flash_ex.o(i.HAL_FLASHEx_OBProgram), (200 bytes).
    Removing system_stm32f1xx.o(.rev16_text), (4 bytes).
    Removing system_stm32f1xx.o(.revsh_text), (4 bytes).
    Removing system_stm32f1xx.o(.rrx_text), (6 bytes).
    Removing system_stm32f1xx.o(i.SystemCoreClockUpdate), (104 bytes).
    Removing lcd_zk.o(.rev16_text), (4 bytes).
    Removing lcd_zk.o(.revsh_text), (4 bytes).
    Removing lcd_zk.o(.rrx_text), (6 bytes).
    Removing lcd_zk.o(i.display_128x64), (68 bytes).
    Removing lcd_zk.o(i.display_graphic_5x7), (92 bytes).
    Removing lcd_zk.o(i.display_string_5x7), (92 bytes).
    Removing lcd_zk.o(.constdata), (1024 bytes).
    Removing lcd_zk.o(.constdata), (32 bytes).
    Removing lcd_zk.o(.constdata), (32 bytes).
    Removing adxl345.o(.rev16_text), (4 bytes).
    Removing adxl345.o(.revsh_text), (4 bytes).
    Removing adxl345.o(.rrx_text), (6 bytes).
    Removing adxl345.o(i.Delay5ms), (6 bytes).
    Removing adxl345.o(i.Single_Read_ADXL345), (50 bytes).
    Removing ds18b20.o(.rev16_text), (4 bytes).
    Removing ds18b20.o(.revsh_text), (4 bytes).
    Removing ds18b20.o(.rrx_text), (6 bytes).
    Removing flsh.o(.rev16_text), (4 bytes).
    Removing flsh.o(.revsh_text), (4 bytes).
    Removing flsh.o(.rrx_text), (6 bytes).
    Removing flsh.o(i.readFlash), (4 bytes).

383 unused section(s) (total 20574 bytes) removed from the image.

==============================================================================

Image Symbol Table

    Local Symbols

    Symbol Name                              Value     Ov Type        Size  Object(Section)

    RESET                                    0x00000000   Section      236  startup_stm32f103xb.o(RESET)
    ..//Src/system_stm32f1xx.c               0x00000000   Number         0  system_stm32f1xx.o ABSOLUTE
    ../Drivers/STM32F1xx_HAL_Driver/Src/stm32f1xx_hal.c 0x00000000   Number         0  stm32f1xx_hal.o ABSOLUTE
    ../Drivers/STM32F1xx_HAL_Driver/Src/stm32f1xx_hal_cortex.c 0x00000000   Number         0  stm32f1xx_hal_cortex.o ABSOLUTE
    ../Drivers/STM32F1xx_HAL_Driver/Src/stm32f1xx_hal_dma.c 0x00000000   Number         0  stm32f1xx_hal_dma.o ABSOLUTE
    ../Drivers/STM32F1xx_HAL_Driver/Src/stm32f1xx_hal_flash.c 0x00000000   Number         0  stm32f1xx_hal_flash.o ABSOLUTE
    ../Drivers/STM32F1xx_HAL_Driver/Src/stm32f1xx_hal_flash_ex.c 0x00000000   Number         0  stm32f1xx_hal_flash_ex.o ABSOLUTE
    ../Drivers/STM32F1xx_HAL_Driver/Src/stm32f1xx_hal_gpio.c 0x00000000   Number         0  stm32f1xx_hal_gpio.o ABSOLUTE
    ../Drivers/STM32F1xx_HAL_Driver/Src/stm32f1xx_hal_gpio_ex.c 0x00000000   Number         0  stm32f1xx_hal_gpio_ex.o ABSOLUTE
    ../Drivers/STM32F1xx_HAL_Driver/Src/stm32f1xx_hal_pwr.c 0x00000000   Number         0  stm32f1xx_hal_pwr.o ABSOLUTE
    ../Drivers/STM32F1xx_HAL_Driver/Src/stm32f1xx_hal_rcc.c 0x00000000   Number         0  stm32f1xx_hal_rcc.o ABSOLUTE
    ../Drivers/STM32F1xx_HAL_Driver/Src/stm32f1xx_hal_rcc_ex.c 0x00000000   Number         0  stm32f1xx_hal_rcc_ex.o ABSOLUTE
    ../Drivers/STM32F1xx_HAL_Driver/Src/stm32f1xx_hal_rtc.c 0x00000000   Number         0  stm32f1xx_hal_rtc.o ABSOLUTE
    ../Drivers/STM32F1xx_HAL_Driver/Src/stm32f1xx_hal_rtc_ex.c 0x00000000   Number         0  stm32f1xx_hal_rtc_ex.o ABSOLUTE
    ../Drivers/STM32F1xx_HAL_Driver/Src/stm32f1xx_hal_tim.c 0x00000000   Number         0  stm32f1xx_hal_tim.o ABSOLUTE
    ../Drivers/STM32F1xx_HAL_Driver/Src/stm32f1xx_hal_tim_ex.c 0x00000000   Number         0  stm32f1xx_hal_tim_ex.o ABSOLUTE
    ../Drivers/STM32F1xx_HAL_Driver/Src/stm32f1xx_hal_uart.c 0x00000000   Number         0  stm32f1xx_hal_uart.o ABSOLUTE
    ../Src/main.c                            0x00000000   Number         0  main.o ABSOLUTE
    ../Src/stm32f1xx_hal_msp.c               0x00000000   Number         0  stm32f1xx_hal_msp.o ABSOLUTE
    ../Src/stm32f1xx_it.c                    0x00000000   Number         0  stm32f1xx_it.o ABSOLUTE
    ../clib/microlib/init/entry.s            0x00000000   Number         0  entry9b.o ABSOLUTE
    ../clib/microlib/init/entry.s            0x00000000   Number         0  entry10a.o ABSOLUTE
    ../clib/microlib/init/entry.s            0x00000000   Number         0  entry11a.o ABSOLUTE
    ../clib/microlib/init/entry.s            0x00000000   Number         0  entry.o ABSOLUTE
    ../clib/microlib/init/entry.s            0x00000000   Number         0  entry10b.o ABSOLUTE
    ../clib/microlib/init/entry.s            0x00000000   Number         0  entry11b.o ABSOLUTE
    ../clib/microlib/init/entry.s            0x00000000   Number         0  entry9a.o ABSOLUTE
    ../clib/microlib/init/entry.s            0x00000000   Number         0  entry8a.o ABSOLUTE
    ../clib/microlib/init/entry.s            0x00000000   Number         0  entry7b.o ABSOLUTE
    ../clib/microlib/init/entry.s            0x00000000   Number         0  entry7a.o ABSOLUTE
    ../clib/microlib/init/entry.s            0x00000000   Number         0  entry5.o ABSOLUTE
    ../clib/microlib/init/entry.s            0x00000000   Number         0  entry2.o ABSOLUTE
    ../clib/microlib/init/entry.s            0x00000000   Number         0  entry8b.o ABSOLUTE
    ../clib/microlib/longlong.c              0x00000000   Number         0  llsshr.o ABSOLUTE
    ../clib/microlib/longlong.c              0x00000000   Number         0  llushr.o ABSOLUTE
    ../clib/microlib/longlong.c              0x00000000   Number         0  llshl.o ABSOLUTE
    ../clib/microlib/string/memset.c         0x00000000   Number         0  memseta.o ABSOLUTE
    ../clib/microlib/string/strcpy.c         0x00000000   Number         0  strcpy.o ABSOLUTE
    ../clib/microlib/stubs.s                 0x00000000   Number         0  iusefp.o ABSOLUTE
    ../fplib/microlib/f2d.c                  0x00000000   Number         0  f2d.o ABSOLUTE
    ../fplib/microlib/fpadd.c                0x00000000   Number         0  dadd.o ABSOLUTE
    ../fplib/microlib/fpdiv.c                0x00000000   Number         0  ddiv.o ABSOLUTE
    ../fplib/microlib/fpepilogue.c           0x00000000   Number         0  fepilogue.o ABSOLUTE
    ../fplib/microlib/fpepilogue.c           0x00000000   Number         0  depilogue.o ABSOLUTE
    ../fplib/microlib/fpfix.c                0x00000000   Number         0  dfixui.o ABSOLUTE
    ../fplib/microlib/fpfix.c                0x00000000   Number         0  dfixi.o ABSOLUTE
    ../fplib/microlib/fpflt.c                0x00000000   Number         0  dflti.o ABSOLUTE
    ../fplib/microlib/fpflt.c                0x00000000   Number         0  fflti.o ABSOLUTE
    ../fplib/microlib/fpmul.c                0x00000000   Number         0  dmul.o ABSOLUTE
    ..\Drivers\STM32F1xx_HAL_Driver\Src\stm32f1xx_hal.c 0x00000000   Number         0  stm32f1xx_hal.o ABSOLUTE
    ..\Drivers\STM32F1xx_HAL_Driver\Src\stm32f1xx_hal_cortex.c 0x00000000   Number         0  stm32f1xx_hal_cortex.o ABSOLUTE
    ..\Drivers\STM32F1xx_HAL_Driver\Src\stm32f1xx_hal_dma.c 0x00000000   Number         0  stm32f1xx_hal_dma.o ABSOLUTE
    ..\Drivers\STM32F1xx_HAL_Driver\Src\stm32f1xx_hal_flash.c 0x00000000   Number         0  stm32f1xx_hal_flash.o ABSOLUTE
    ..\Drivers\STM32F1xx_HAL_Driver\Src\stm32f1xx_hal_flash_ex.c 0x00000000   Number         0  stm32f1xx_hal_flash_ex.o ABSOLUTE
    ..\Drivers\STM32F1xx_HAL_Driver\Src\stm32f1xx_hal_gpio.c 0x00000000   Number         0  stm32f1xx_hal_gpio.o ABSOLUTE
    ..\Drivers\STM32F1xx_HAL_Driver\Src\stm32f1xx_hal_gpio_ex.c 0x00000000   Number         0  stm32f1xx_hal_gpio_ex.o ABSOLUTE
    ..\Drivers\STM32F1xx_HAL_Driver\Src\stm32f1xx_hal_pwr.c 0x00000000   Number         0  stm32f1xx_hal_pwr.o ABSOLUTE
    ..\Drivers\STM32F1xx_HAL_Driver\Src\stm32f1xx_hal_rcc.c 0x00000000   Number         0  stm32f1xx_hal_rcc.o ABSOLUTE
    ..\Drivers\STM32F1xx_HAL_Driver\Src\stm32f1xx_hal_rcc_ex.c 0x00000000   Number         0  stm32f1xx_hal_rcc_ex.o ABSOLUTE
    ..\Drivers\STM32F1xx_HAL_Driver\Src\stm32f1xx_hal_rtc.c 0x00000000   Number         0  stm32f1xx_hal_rtc.o ABSOLUTE
    ..\Drivers\STM32F1xx_HAL_Driver\Src\stm32f1xx_hal_rtc_ex.c 0x00000000   Number         0  stm32f1xx_hal_rtc_ex.o ABSOLUTE
    ..\Drivers\STM32F1xx_HAL_Driver\Src\stm32f1xx_hal_tim.c 0x00000000   Number         0  stm32f1xx_hal_tim.o ABSOLUTE
    ..\Drivers\STM32F1xx_HAL_Driver\Src\stm32f1xx_hal_tim_ex.c 0x00000000   Number         0  stm32f1xx_hal_tim_ex.o ABSOLUTE
    ..\Drivers\STM32F1xx_HAL_Driver\Src\stm32f1xx_hal_uart.c 0x00000000   Number         0  stm32f1xx_hal_uart.o ABSOLUTE
    ..\HARDWARE\ADXL345.c                    0x00000000   Number         0  adxl345.o ABSOLUTE
    ..\HARDWARE\DS18B20.c                    0x00000000   Number         0  ds18b20.o ABSOLUTE
    ..\HARDWARE\FLSH.c                       0x00000000   Number         0  flsh.o ABSOLUTE
    ..\HARDWARE\LCD_ZK.c                     0x00000000   Number         0  lcd_zk.o ABSOLUTE
    ..\Src\main.c                            0x00000000   Number         0  main.o ABSOLUTE
    ..\Src\stm32f1xx_hal_msp.c               0x00000000   Number         0  stm32f1xx_hal_msp.o ABSOLUTE
    ..\Src\stm32f1xx_it.c                    0x00000000   Number         0  stm32f1xx_it.o ABSOLUTE
    ..\\HARDWARE\\ADXL345.c                  0x00000000   Number         0  adxl345.o ABSOLUTE
    ..\\HARDWARE\\DS18B20.c                  0x00000000   Number         0  ds18b20.o ABSOLUTE
    ..\\HARDWARE\\FLSH.c                     0x00000000   Number         0  flsh.o ABSOLUTE
    ..\\HARDWARE\\LCD_ZK.c                   0x00000000   Number         0  lcd_zk.o ABSOLUTE
    ..\\Src\system_stm32f1xx.c               0x00000000   Number         0  system_stm32f1xx.o ABSOLUTE
    dc.s                                     0x00000000   Number         0  dc.o ABSOLUTE
    handlers.s                               0x00000000   Number         0  handlers.o ABSOLUTE
    init.s                                   0x00000000   Number         0  init.o ABSOLUTE
    startup_stm32f103xb.s                    0x00000000   Number         0  startup_stm32f103xb.o ABSOLUTE
    .ARM.Collect$$$$00000000                 0x000000ec   Section        0  entry.o(.ARM.Collect$$$$00000000)
    .ARM.Collect$$$$00000001                 0x000000ec   Section        4  entry2.o(.ARM.Collect$$$$00000001)
    .ARM.Collect$$$$00000004                 0x000000f0   Section        4  entry5.o(.ARM.Collect$$$$00000004)
    .ARM.Collect$$$$00000008                 0x000000f4   Section        0  entry7b.o(.ARM.Collect$$$$00000008)
    .ARM.Collect$$$$0000000A                 0x000000f4   Section        0  entry8b.o(.ARM.Collect$$$$0000000A)
    .ARM.Collect$$$$0000000B                 0x000000f4   Section        8  entry9a.o(.ARM.Collect$$$$0000000B)
    .ARM.Collect$$$$0000000D                 0x000000fc   Section        0  entry10a.o(.ARM.Collect$$$$0000000D)
    .ARM.Collect$$$$0000000F                 0x000000fc   Section        0  entry11a.o(.ARM.Collect$$$$0000000F)
    .ARM.Collect$$$$00002712                 0x000000fc   Section        4  entry2.o(.ARM.Collect$$$$00002712)
    __lit__00000000                          0x000000fc   Data           4  entry2.o(.ARM.Collect$$$$00002712)
    .text                                    0x00000100   Section       36  startup_stm32f103xb.o(.text)
    .text                                    0x00000124   Section        0  llushr.o(.text)
    .text                                    0x00000144   Section        0  memseta.o(.text)
    .text                                    0x00000168   Section        0  strcpy.o(.text)
    .text                                    0x0000017a   Section        0  dadd.o(.text)
    .text                                    0x000002c8   Section        0  dmul.o(.text)
    .text                                    0x000003ac   Section        0  ddiv.o(.text)
    .text                                    0x0000048a   Section        0  fflti.o(.text)
    .text                                    0x0000049c   Section        0  dflti.o(.text)
    .text                                    0x000004be   Section        0  dfixi.o(.text)
    .text                                    0x000004fc   Section        0  dfixui.o(.text)
    .text                                    0x0000052e   Section        0  f2d.o(.text)
    .text                                    0x00000554   Section        0  llshl.o(.text)
    .text                                    0x00000572   Section        0  llsshr.o(.text)
    .text                                    0x00000596   Section        0  iusefp.o(.text)
    .text                                    0x00000596   Section        0  fepilogue.o(.text)
    .text                                    0x00000604   Section        0  depilogue.o(.text)
    .text                                    0x000006c0   Section       36  init.o(.text)
    i.ADXL345_RecvACK                        0x000006e4   Section        0  adxl345.o(i.ADXL345_RecvACK)
    i.ADXL345_Recvbyte                       0x00000724   Section        0  adxl345.o(i.ADXL345_Recvbyte)
    i.ADXL345_SDA_Intput                     0x00000788   Section        0  adxl345.o(i.ADXL345_SDA_Intput)
    i.ADXL345_SDA_Output                     0x000007c4   Section        0  adxl345.o(i.ADXL345_SDA_Output)
    i.ADXL345_SendACK                        0x00000800   Section        0  adxl345.o(i.ADXL345_SendACK)
    i.ADXL345_Sendbyte                       0x00000840   Section        0  adxl345.o(i.ADXL345_Sendbyte)
    i.ADXL345_Start                          0x000008a4   Section        0  adxl345.o(i.ADXL345_Start)
    i.ADXL345_Stop                           0x000008e4   Section        0  adxl345.o(i.ADXL345_Stop)
    i.ADXL_345_ALL_Int                       0x0000091c   Section        0  adxl345.o(i.ADXL_345_ALL_Int)
    i.Angle                                  0x0000096c   Section        0  main.o(i.Angle)
    i.BusFault_Handler                       0x000009b8   Section        0  stm32f1xx_it.o(i.BusFault_Handler)
    i.DS18B20_Check                          0x000009bc   Section        0  ds18b20.o(i.DS18B20_Check)
    i.DS18B20_DQ_IN                          0x00000a18   Section        0  ds18b20.o(i.DS18B20_DQ_IN)
    i.DS18B20_Get_Temp                       0x00000a54   Section        0  ds18b20.o(i.DS18B20_Get_Temp)
    i.DS18B20_IO_OUT                         0x00000ab0   Section        0  ds18b20.o(i.DS18B20_IO_OUT)
    i.DS18B20_Init                           0x00000aec   Section        0  ds18b20.o(i.DS18B20_Init)
    i.DS18B20_Read_Bit                       0x00000b3c   Section        0  ds18b20.o(i.DS18B20_Read_Bit)
    i.DS18B20_Read_Byte                      0x00000b8c   Section        0  ds18b20.o(i.DS18B20_Read_Byte)
    i.DS18B20_Rst                            0x00000bac   Section        0  ds18b20.o(i.DS18B20_Rst)
    i.DS18B20_Start                          0x00000be4   Section        0  ds18b20.o(i.DS18B20_Start)
    i.DS18B20_Write_Byte                     0x00000c00   Section        0  ds18b20.o(i.DS18B20_Write_Byte)
    i.DebugMon_Handler                       0x00000c64   Section        0  stm32f1xx_it.o(i.DebugMon_Handler)
    i.Delay5us                               0x00000c66   Section        0  adxl345.o(i.Delay5us)
    i.Display                                0x00000c88   Section        0  main.o(i.Display)
    i.EXTI15_10_IRQHandler                   0x00000f64   Section        0  stm32f1xx_it.o(i.EXTI15_10_IRQHandler)
    i.FLASH_MassErase                        0x00000f6c   Section        0  stm32f1xx_hal_flash_ex.o(i.FLASH_MassErase)
    FLASH_MassErase                          0x00000f6d   Thumb Code    26  stm32f1xx_hal_flash_ex.o(i.FLASH_MassErase)
    i.FLASH_PageErase                        0x00000f90   Section        0  stm32f1xx_hal_flash_ex.o(i.FLASH_PageErase)
    i.FLASH_Program_HalfWord                 0x00000fb4   Section        0  stm32f1xx_hal_flash.o(i.FLASH_Program_HalfWord)
    FLASH_Program_HalfWord                   0x00000fb5   Thumb Code    20  stm32f1xx_hal_flash.o(i.FLASH_Program_HalfWord)
    i.FLASH_SetErrorCode                     0x00000fd0   Section        0  stm32f1xx_hal_flash.o(i.FLASH_SetErrorCode)
    FLASH_SetErrorCode                       0x00000fd1   Thumb Code    84  stm32f1xx_hal_flash.o(i.FLASH_SetErrorCode)
    i.FLASH_WaitForLastOperation             0x0000102c   Section        0  stm32f1xx_hal_flash.o(i.FLASH_WaitForLastOperation)
    i.GBZK_GPIO_Config                       0x00001080   Section        0  lcd_zk.o(i.GBZK_GPIO_Config)
    i.GBZK_ROMOUTRESET                       0x00001134   Section        0  lcd_zk.o(i.GBZK_ROMOUTRESET)
    i.GBZK_ROMOUTSET                         0x0000116c   Section        0  lcd_zk.o(i.GBZK_ROMOUTSET)
    i.GLL_Dispose                            0x000011a4   Section        0  main.o(i.GLL_Dispose)
    i.GSM_Init                               0x000014bc   Section        0  main.o(i.GSM_Init)
    i.Get_Time                               0x00001a44   Section        0  main.o(i.Get_Time)
    i.HAL_DMA_Abort_IT                       0x00001afc   Section        0  stm32f1xx_hal_dma.o(i.HAL_DMA_Abort_IT)
    i.HAL_Delay                              0x00001b94   Section        0  stm32f1xx_hal.o(i.HAL_Delay)
    i.HAL_FLASHEx_Erase                      0x00001bb8   Section        0  stm32f1xx_hal_flash_ex.o(i.HAL_FLASHEx_Erase)
    i.HAL_FLASH_Lock                         0x00001c60   Section        0  stm32f1xx_hal_flash.o(i.HAL_FLASH_Lock)
    i.HAL_FLASH_Program                      0x00001c74   Section        0  stm32f1xx_hal_flash.o(i.HAL_FLASH_Program)
    i.HAL_FLASH_Unlock                       0x00001cf4   Section        0  stm32f1xx_hal_flash.o(i.HAL_FLASH_Unlock)
    i.HAL_GPIO_EXTI_Callback                 0x00001d1c   Section        0  main.o(i.HAL_GPIO_EXTI_Callback)
    i.HAL_GPIO_EXTI_IRQHandler               0x00001d38   Section        0  stm32f1xx_hal_gpio.o(i.HAL_GPIO_EXTI_IRQHandler)
    i.HAL_GPIO_Init                          0x00001d50   Section        0  stm32f1xx_hal_gpio.o(i.HAL_GPIO_Init)
    i.HAL_GPIO_ReadPin                       0x00001f0c   Section        0  stm32f1xx_hal_gpio.o(i.HAL_GPIO_ReadPin)
    i.HAL_GPIO_WritePin                      0x00001f16   Section        0  stm32f1xx_hal_gpio.o(i.HAL_GPIO_WritePin)
    i.HAL_GetTick                            0x00001f20   Section        0  stm32f1xx_hal.o(i.HAL_GetTick)
    i.HAL_IncTick                            0x00001f2c   Section        0  stm32f1xx_hal.o(i.HAL_IncTick)
    i.HAL_Init                               0x00001f3c   Section        0  stm32f1xx_hal.o(i.HAL_Init)
    i.HAL_InitTick                           0x00001f60   Section        0  stm32f1xx_hal.o(i.HAL_InitTick)
    i.HAL_MspInit                            0x00001fa0   Section        0  stm32f1xx_hal_msp.o(i.HAL_MspInit)
    i.HAL_NVIC_EnableIRQ                     0x00001fdc   Section        0  stm32f1xx_hal_cortex.o(i.HAL_NVIC_EnableIRQ)
    i.HAL_NVIC_SetPriority                   0x00001ff4   Section        0  stm32f1xx_hal_cortex.o(i.HAL_NVIC_SetPriority)
    i.HAL_NVIC_SetPriorityGrouping           0x00002034   Section        0  stm32f1xx_hal_cortex.o(i.HAL_NVIC_SetPriorityGrouping)
    i.HAL_PWR_EnableBkUpAccess               0x00002058   Section        0  stm32f1xx_hal_pwr.o(i.HAL_PWR_EnableBkUpAccess)
    i.HAL_RCCEx_GetPeriphCLKFreq             0x00002064   Section        0  stm32f1xx_hal_rcc_ex.o(i.HAL_RCCEx_GetPeriphCLKFreq)
    i.HAL_RCCEx_PeriphCLKConfig              0x0000212c   Section        0  stm32f1xx_hal_rcc_ex.o(i.HAL_RCCEx_PeriphCLKConfig)
    i.HAL_RCC_ClockConfig                    0x00002218   Section        0  stm32f1xx_hal_rcc.o(i.HAL_RCC_ClockConfig)
    i.HAL_RCC_GetPCLK1Freq                   0x00002384   Section        0  stm32f1xx_hal_rcc.o(i.HAL_RCC_GetPCLK1Freq)
    i.HAL_RCC_GetPCLK2Freq                   0x000023a4   Section        0  stm32f1xx_hal_rcc.o(i.HAL_RCC_GetPCLK2Freq)
    i.HAL_RCC_GetSysClockFreq                0x000023c4   Section        0  stm32f1xx_hal_rcc.o(i.HAL_RCC_GetSysClockFreq)
    i.HAL_RCC_OscConfig                      0x00002430   Section        0  stm32f1xx_hal_rcc.o(i.HAL_RCC_OscConfig)
    i.HAL_RTCEx_BKUPRead                     0x00002734   Section        0  stm32f1xx_hal_rtc_ex.o(i.HAL_RTCEx_BKUPRead)
    i.HAL_RTCEx_BKUPWrite                    0x00002744   Section        0  stm32f1xx_hal_rtc_ex.o(i.HAL_RTCEx_BKUPWrite)
    i.HAL_RTCEx_RTCEventCallback             0x00002754   Section        0  stm32f1xx_hal_rtc_ex.o(i.HAL_RTCEx_RTCEventCallback)
    i.HAL_RTCEx_RTCEventErrorCallback        0x00002756   Section        0  stm32f1xx_hal_rtc_ex.o(i.HAL_RTCEx_RTCEventErrorCallback)
    i.HAL_RTCEx_RTCIRQHandler                0x00002758   Section        0  stm32f1xx_hal_rtc_ex.o(i.HAL_RTCEx_RTCIRQHandler)
    i.HAL_RTC_GetDate                        0x00002794   Section        0  stm32f1xx_hal_rtc.o(i.HAL_RTC_GetDate)
    i.HAL_RTC_GetTime                        0x000027e2   Section        0  stm32f1xx_hal_rtc.o(i.HAL_RTC_GetTime)
    i.HAL_RTC_Init                           0x000028bc   Section        0  stm32f1xx_hal_rtc.o(i.HAL_RTC_Init)
    i.HAL_RTC_MspInit                        0x0000295c   Section        0  stm32f1xx_hal_msp.o(i.HAL_RTC_MspInit)
    i.HAL_RTC_SetDate                        0x000029a4   Section        0  stm32f1xx_hal_rtc.o(i.HAL_RTC_SetDate)
    i.HAL_RTC_SetTime                        0x00002a68   Section        0  stm32f1xx_hal_rtc.o(i.HAL_RTC_SetTime)
    i.HAL_RTC_WaitForSynchro                 0x00002b14   Section        0  stm32f1xx_hal_rtc.o(i.HAL_RTC_WaitForSynchro)
    i.HAL_SYSTICK_Config                     0x00002b4e   Section        0  stm32f1xx_hal_cortex.o(i.HAL_SYSTICK_Config)
    i.HAL_TIMEx_BreakCallback                0x00002b76   Section        0  stm32f1xx_hal_tim_ex.o(i.HAL_TIMEx_BreakCallback)
    i.HAL_TIMEx_CommutationCallback          0x00002b78   Section        0  stm32f1xx_hal_tim_ex.o(i.HAL_TIMEx_CommutationCallback)
    i.HAL_TIMEx_MasterConfigSynchronization  0x00002b7a   Section        0  stm32f1xx_hal_tim_ex.o(i.HAL_TIMEx_MasterConfigSynchronization)
    i.HAL_TIM_Base_Init                      0x00002bca   Section        0  stm32f1xx_hal_tim.o(i.HAL_TIM_Base_Init)
    i.HAL_TIM_Base_MspInit                   0x00002c00   Section        0  stm32f1xx_hal_msp.o(i.HAL_TIM_Base_MspInit)
    i.HAL_TIM_Base_Start_IT                  0x00002c3c   Section        0  stm32f1xx_hal_tim.o(i.HAL_TIM_Base_Start_IT)
    i.HAL_TIM_ConfigClockSource              0x00002c54   Section        0  stm32f1xx_hal_tim.o(i.HAL_TIM_ConfigClockSource)
    i.HAL_TIM_IC_CaptureCallback             0x00002d46   Section        0  stm32f1xx_hal_tim.o(i.HAL_TIM_IC_CaptureCallback)
    i.HAL_TIM_IRQHandler                     0x00002d48   Section        0  stm32f1xx_hal_tim.o(i.HAL_TIM_IRQHandler)
    i.HAL_TIM_OC_DelayElapsedCallback        0x00002eae   Section        0  stm32f1xx_hal_tim.o(i.HAL_TIM_OC_DelayElapsedCallback)
    i.HAL_TIM_PWM_PulseFinishedCallback      0x00002eb0   Section        0  stm32f1xx_hal_tim.o(i.HAL_TIM_PWM_PulseFinishedCallback)
    i.HAL_TIM_PeriodElapsedCallback          0x00002eb4   Section        0  main.o(i.HAL_TIM_PeriodElapsedCallback)
    i.HAL_TIM_TriggerCallback                0x00003054   Section        0  stm32f1xx_hal_tim.o(i.HAL_TIM_TriggerCallback)
    i.HAL_UART_ErrorCallback                 0x00003056   Section        0  stm32f1xx_hal_uart.o(i.HAL_UART_ErrorCallback)
    i.HAL_UART_IRQHandler                    0x00003058   Section        0  stm32f1xx_hal_uart.o(i.HAL_UART_IRQHandler)
    i.HAL_UART_Init                          0x00003168   Section        0  stm32f1xx_hal_uart.o(i.HAL_UART_Init)
    i.HAL_UART_MspInit                       0x000031cc   Section        0  stm32f1xx_hal_msp.o(i.HAL_UART_MspInit)
    i.HAL_UART_Receive_IT                    0x000032a4   Section        0  stm32f1xx_hal_uart.o(i.HAL_UART_Receive_IT)
    i.HAL_UART_RxCpltCallback                0x000032f8   Section        0  main.o(i.HAL_UART_RxCpltCallback)
    i.HAL_UART_Transmit                      0x00003590   Section        0  stm32f1xx_hal_uart.o(i.HAL_UART_Transmit)
    i.HAL_UART_TxCpltCallback                0x0000364a   Section        0  stm32f1xx_hal_uart.o(i.HAL_UART_TxCpltCallback)
    i.HardFault_Handler                      0x0000364c   Section        0  stm32f1xx_it.o(i.HardFault_Handler)
    i.Init_ADXL345                           0x0000364e   Section        0  adxl345.o(i.Init_ADXL345)
    i.Key_Dispose                            0x00003698   Section        0  main.o(i.Key_Dispose)
    i.MX_GPIO_Init                           0x000036ec   Section        0  main.o(i.MX_GPIO_Init)
    MX_GPIO_Init                             0x000036ed   Thumb Code   190  main.o(i.MX_GPIO_Init)
    i.MX_RTC_Init                            0x000037bc   Section        0  main.o(i.MX_RTC_Init)
    MX_RTC_Init                              0x000037bd   Thumb Code   156  main.o(i.MX_RTC_Init)
    i.MX_TIM4_Init                           0x0000386c   Section        0  main.o(i.MX_TIM4_Init)
    MX_TIM4_Init                             0x0000386d   Thumb Code    88  main.o(i.MX_TIM4_Init)
    i.MemManage_Handler                      0x000038cc   Section        0  stm32f1xx_it.o(i.MemManage_Handler)
    i.Memory                                 0x000038d0   Section        0  main.o(i.Memory)
    i.Multiple_ReadADXL345                   0x00003990   Section        0  adxl345.o(i.Multiple_ReadADXL345)
    i.NMI_Handler                            0x000039e0   Section        0  stm32f1xx_it.o(i.NMI_Handler)
    i.NVIC_SetPriority                       0x000039e2   Section        0  stm32f1xx_hal_cortex.o(i.NVIC_SetPriority)
    NVIC_SetPriority                         0x000039e3   Thumb Code    32  stm32f1xx_hal_cortex.o(i.NVIC_SetPriority)
    i.PendSV_Handler                         0x00003a02   Section        0  stm32f1xx_it.o(i.PendSV_Handler)
    i.RTC_Bcd2ToByte                         0x00003a04   Section        0  stm32f1xx_hal_rtc.o(i.RTC_Bcd2ToByte)
    RTC_Bcd2ToByte                           0x00003a05   Thumb Code    18  stm32f1xx_hal_rtc.o(i.RTC_Bcd2ToByte)
    i.RTC_ByteToBcd2                         0x00003a16   Section        0  stm32f1xx_hal_rtc.o(i.RTC_ByteToBcd2)
    RTC_ByteToBcd2                           0x00003a17   Thumb Code    22  stm32f1xx_hal_rtc.o(i.RTC_ByteToBcd2)
    i.RTC_DateUpdate                         0x00003a2c   Section        0  stm32f1xx_hal_rtc.o(i.RTC_DateUpdate)
    RTC_DateUpdate                           0x00003a2d   Thumb Code   174  stm32f1xx_hal_rtc.o(i.RTC_DateUpdate)
    i.RTC_EnterInitMode                      0x00003ada   Section        0  stm32f1xx_hal_rtc.o(i.RTC_EnterInitMode)
    RTC_EnterInitMode                        0x00003adb   Thumb Code    52  stm32f1xx_hal_rtc.o(i.RTC_EnterInitMode)
    i.RTC_ExitInitMode                       0x00003b10   Section        0  stm32f1xx_hal_rtc.o(i.RTC_ExitInitMode)
    RTC_ExitInitMode                         0x00003b11   Thumb Code    54  stm32f1xx_hal_rtc.o(i.RTC_ExitInitMode)
    i.RTC_IRQHandler                         0x00003b48   Section        0  stm32f1xx_it.o(i.RTC_IRQHandler)
    i.RTC_ReadAlarmCounter                   0x00003b54   Section        0  stm32f1xx_hal_rtc.o(i.RTC_ReadAlarmCounter)
    RTC_ReadAlarmCounter                     0x00003b55   Thumb Code    14  stm32f1xx_hal_rtc.o(i.RTC_ReadAlarmCounter)
    i.RTC_ReadTimeCounter                    0x00003b62   Section        0  stm32f1xx_hal_rtc.o(i.RTC_ReadTimeCounter)
    RTC_ReadTimeCounter                      0x00003b63   Thumb Code    32  stm32f1xx_hal_rtc.o(i.RTC_ReadTimeCounter)
    i.RTC_WeekDayNum                         0x00003b82   Section        0  stm32f1xx_hal_rtc.o(i.RTC_WeekDayNum)
    RTC_WeekDayNum                           0x00003b83   Thumb Code    86  stm32f1xx_hal_rtc.o(i.RTC_WeekDayNum)
    i.RTC_WriteAlarmCounter                  0x00003bd8   Section        0  stm32f1xx_hal_rtc.o(i.RTC_WriteAlarmCounter)
    RTC_WriteAlarmCounter                    0x00003bd9   Thumb Code    40  stm32f1xx_hal_rtc.o(i.RTC_WriteAlarmCounter)
    i.RTC_WriteTimeCounter                   0x00003c00   Section        0  stm32f1xx_hal_rtc.o(i.RTC_WriteTimeCounter)
    RTC_WriteTimeCounter                     0x00003c01   Thumb Code    40  stm32f1xx_hal_rtc.o(i.RTC_WriteTimeCounter)
    i.SVC_Handler                            0x00003c28   Section        0  stm32f1xx_it.o(i.SVC_Handler)
    i.Single_Write_ADXL345                   0x00003c2a   Section        0  adxl345.o(i.Single_Write_ADXL345)
    i.SysTick_Handler                        0x00003c4e   Section        0  stm32f1xx_it.o(i.SysTick_Handler)
    i.SystemClock_Config                     0x00003c52   Section        0  main.o(i.SystemClock_Config)
    i.SystemInit                             0x00003cc8   Section        0  system_stm32f1xx.o(i.SystemInit)
    i.TIM4_IRQHandler                        0x00003d10   Section        0  stm32f1xx_it.o(i.TIM4_IRQHandler)
    i.TIM_Base_SetConfig                     0x00003d1c   Section        0  stm32f1xx_hal_tim.o(i.TIM_Base_SetConfig)
    i.TIM_ETR_SetConfig                      0x00003d88   Section        0  stm32f1xx_hal_tim.o(i.TIM_ETR_SetConfig)
    TIM_ETR_SetConfig                        0x00003d89   Thumb Code    20  stm32f1xx_hal_tim.o(i.TIM_ETR_SetConfig)
    i.TIM_ITRx_SetConfig                     0x00003d9c   Section        0  stm32f1xx_hal_tim.o(i.TIM_ITRx_SetConfig)
    TIM_ITRx_SetConfig                       0x00003d9d   Thumb Code    16  stm32f1xx_hal_tim.o(i.TIM_ITRx_SetConfig)
    i.TIM_TI1_ConfigInputStage               0x00003dac   Section        0  stm32f1xx_hal_tim.o(i.TIM_TI1_ConfigInputStage)
    TIM_TI1_ConfigInputStage                 0x00003dad   Thumb Code    34  stm32f1xx_hal_tim.o(i.TIM_TI1_ConfigInputStage)
    i.TIM_TI2_ConfigInputStage               0x00003dce   Section        0  stm32f1xx_hal_tim.o(i.TIM_TI2_ConfigInputStage)
    TIM_TI2_ConfigInputStage                 0x00003dcf   Thumb Code    36  stm32f1xx_hal_tim.o(i.TIM_TI2_ConfigInputStage)
    i.UART_DMAAbortOnError                   0x00003df2   Section        0  stm32f1xx_hal_uart.o(i.UART_DMAAbortOnError)
    UART_DMAAbortOnError                     0x00003df3   Thumb Code    16  stm32f1xx_hal_uart.o(i.UART_DMAAbortOnError)
    i.UART_EndRxTransfer                     0x00003e02   Section        0  stm32f1xx_hal_uart.o(i.UART_EndRxTransfer)
    UART_EndRxTransfer                       0x00003e03   Thumb Code    28  stm32f1xx_hal_uart.o(i.UART_EndRxTransfer)
    i.UART_Receive_IT                        0x00003e1e   Section        0  stm32f1xx_hal_uart.o(i.UART_Receive_IT)
    UART_Receive_IT                          0x00003e1f   Thumb Code   150  stm32f1xx_hal_uart.o(i.UART_Receive_IT)
    i.UART_SetConfig                         0x00003eb4   Section        0  stm32f1xx_hal_uart.o(i.UART_SetConfig)
    UART_SetConfig                           0x00003eb5   Thumb Code   364  stm32f1xx_hal_uart.o(i.UART_SetConfig)
    i.UART_Transmit_IT                       0x00004024   Section        0  stm32f1xx_hal_uart.o(i.UART_Transmit_IT)
    UART_Transmit_IT                         0x00004025   Thumb Code    98  stm32f1xx_hal_uart.o(i.UART_Transmit_IT)
    i.UART_WaitOnFlagUntilTimeout            0x00004086   Section        0  stm32f1xx_hal_uart.o(i.UART_WaitOnFlagUntilTimeout)
    UART_WaitOnFlagUntilTimeout              0x00004087   Thumb Code   100  stm32f1xx_hal_uart.o(i.UART_WaitOnFlagUntilTimeout)
    i.USART1_IRQHandler                      0x000040ec   Section        0  stm32f1xx_it.o(i.USART1_IRQHandler)
    i.USART2_IRQHandler                      0x000040f8   Section        0  stm32f1xx_it.o(i.USART2_IRQHandler)
    i.Uart1Data                              0x00004104   Section        0  main.o(i.Uart1Data)
    i.Uart1Databyte                          0x0000411c   Section        0  main.o(i.Uart1Databyte)
    i.Uart_ErrorCle                          0x00004130   Section        0  main.o(i.Uart_ErrorCle)
    i.UsageFault_Handler                     0x00004168   Section        0  stm32f1xx_it.o(i.UsageFault_Handler)
    i.Write_flsh_byte                        0x0000416a   Section        0  flsh.o(i.Write_flsh_byte)
    i.__scatterload_copy                     0x0000419e   Section       14  handlers.o(i.__scatterload_copy)
    i.__scatterload_null                     0x000041ac   Section        2  handlers.o(i.__scatterload_null)
    i.__scatterload_zeroinit                 0x000041ae   Section       14  handlers.o(i.__scatterload_zeroinit)
    i.clear_screen                           0x000041bc   Section        0  lcd_zk.o(i.clear_screen)
    i.delay                                  0x00004218   Section        0  lcd_zk.o(i.delay)
    i.delay_us                               0x00004234   Section        0  ds18b20.o(i.delay_us)
    i.display_GB2312_string                  0x00004240   Section        0  lcd_zk.o(i.display_GB2312_string)
    i.display_buff                           0x00004310   Section        0  main.o(i.display_buff)
    i.display_graphic_16x16                  0x00004378   Section        0  lcd_zk.o(i.display_graphic_16x16)
    i.display_graphic_8x16                   0x000043d4   Section        0  lcd_zk.o(i.display_graphic_8x16)
    i.get_data_from_ROM                      0x00004420   Section        0  lcd_zk.o(i.get_data_from_ROM)
    get_data_from_ROM                        0x00004421   Thumb Code   100  lcd_zk.o(i.get_data_from_ROM)
    i.get_n_bytes_data_from_ROM              0x00004488   Section        0  lcd_zk.o(i.get_n_bytes_data_from_ROM)
    i.initial_lcd                            0x000044f4   Section        0  lcd_zk.o(i.initial_lcd)
    i.lcd_address                            0x000045d4   Section        0  lcd_zk.o(i.lcd_address)
    i.main                                   0x000045f8   Section        0  main.o(i.main)
    i.send_command_to_ROM                    0x00004748   Section        0  lcd_zk.o(i.send_command_to_ROM)
    i.transfer_command_lcd                   0x00004798   Section        0  lcd_zk.o(i.transfer_command_lcd)
    i.transfer_data_lcd                      0x0000480c   Section        0  lcd_zk.o(i.transfer_data_lcd)
    .constdata                               0x00004880   Section       16  system_stm32f1xx.o(.constdata)
    .constdata                               0x00004890   Section        8  system_stm32f1xx.o(.constdata)
    .conststring                             0x00004898   Section      165  main.o(.conststring)
    .data                                    0x20000000   Section      127  main.o(.data)
    .data                                    0x20000080   Section       12  stm32f1xx_hal.o(.data)
    .data                                    0x2000008c   Section        4  system_stm32f1xx.o(.data)
    .data                                    0x20000090   Section        4  lcd_zk.o(.data)
    .bss                                     0x20000094   Section     3284  main.o(.bss)
    .bss                                     0x20000d68   Section       32  stm32f1xx_hal_flash.o(.bss)
    STACK                                    0x20000d88   Section     1024  startup_stm32f103xb.o(STACK)

    Global Symbols

    Symbol Name                              Value     Ov Type        Size  Object(Section)

    BuildAttributes$$THM_ISAv4$P$D$K$B$S$PE$A:L22UL41UL21$X:L11$S22US41US21$IEEE1$IW$USESV6$~STKCKD$USESV7$~SHL$OTIME$ROPI$EBA8$MICROLIB$REQ8$PRES8$EABIv2 0x00000000   Number         0  anon$$obj.o ABSOLUTE
    __ARM_use_no_argv                        0x00000000   Number         0  main.o ABSOLUTE
    __Vectors                                0x00000000   Data           4  startup_stm32f103xb.o(RESET)
    __cpp_initialize__aeabi_                  - Undefined Weak Reference
    __cxa_finalize                            - Undefined Weak Reference
    __decompress                              - Undefined Weak Reference
    _clock_init                               - Undefined Weak Reference
    _microlib_exit                            - Undefined Weak Reference
    __Vectors_End                            0x000000ec   Data           0  startup_stm32f103xb.o(RESET)
    __Vectors_Size                           0x000000ec   Number         0  startup_stm32f103xb.o ABSOLUTE
    __main                                   0x000000ed   Thumb Code     0  entry.o(.ARM.Collect$$$$00000000)
    _main_stk                                0x000000ed   Thumb Code     0  entry2.o(.ARM.Collect$$$$00000001)
    _main_scatterload                        0x000000f1   Thumb Code     0  entry5.o(.ARM.Collect$$$$00000004)
    __main_after_scatterload                 0x000000f5   Thumb Code     0  entry5.o(.ARM.Collect$$$$00000004)
    _main_clock                              0x000000f5   Thumb Code     0  entry7b.o(.ARM.Collect$$$$00000008)
    _main_cpp_init                           0x000000f5   Thumb Code     0  entry8b.o(.ARM.Collect$$$$0000000A)
    _main_init                               0x000000f5   Thumb Code     0  entry9a.o(.ARM.Collect$$$$0000000B)
    __rt_final_cpp                           0x000000fd   Thumb Code     0  entry10a.o(.ARM.Collect$$$$0000000D)
    __rt_final_exit                          0x000000fd   Thumb Code     0  entry11a.o(.ARM.Collect$$$$0000000F)
    Reset_Handler                            0x00000101   Thumb Code     8  startup_stm32f103xb.o(.text)
    ADC1_2_IRQHandler                        0x0000011b   Thumb Code     0  startup_stm32f103xb.o(.text)
    CAN1_RX1_IRQHandler                      0x0000011b   Thumb Code     0  startup_stm32f103xb.o(.text)
    CAN1_SCE_IRQHandler                      0x0000011b   Thumb Code     0  startup_stm32f103xb.o(.text)
    DMA1_Channel1_IRQHandler                 0x0000011b   Thumb Code     0  startup_stm32f103xb.o(.text)
    DMA1_Channel2_IRQHandler                 0x0000011b   Thumb Code     0  startup_stm32f103xb.o(.text)
    DMA1_Channel3_IRQHandler                 0x0000011b   Thumb Code     0  startup_stm32f103xb.o(.text)
    DMA1_Channel4_IRQHandler                 0x0000011b   Thumb Code     0  startup_stm32f103xb.o(.text)
    DMA1_Channel5_IRQHandler                 0x0000011b   Thumb Code     0  startup_stm32f103xb.o(.text)
    DMA1_Channel6_IRQHandler                 0x0000011b   Thumb Code     0  startup_stm32f103xb.o(.text)
    DMA1_Channel7_IRQHandler                 0x0000011b   Thumb Code     0  startup_stm32f103xb.o(.text)
    EXTI0_IRQHandler                         0x0000011b   Thumb Code     0  startup_stm32f103xb.o(.text)
    EXTI1_IRQHandler                         0x0000011b   Thumb Code     0  startup_stm32f103xb.o(.text)
    EXTI2_IRQHandler                         0x0000011b   Thumb Code     0  startup_stm32f103xb.o(.text)
    EXTI3_IRQHandler                         0x0000011b   Thumb Code     0  startup_stm32f103xb.o(.text)
    EXTI4_IRQHandler                         0x0000011b   Thumb Code     0  startup_stm32f103xb.o(.text)
    EXTI9_5_IRQHandler                       0x0000011b   Thumb Code     0  startup_stm32f103xb.o(.text)
    FLASH_IRQHandler                         0x0000011b   Thumb Code     0  startup_stm32f103xb.o(.text)
    I2C1_ER_IRQHandler                       0x0000011b   Thumb Code     0  startup_stm32f103xb.o(.text)
    I2C1_EV_IRQHandler                       0x0000011b   Thumb Code     0  startup_stm32f103xb.o(.text)
    I2C2_ER_IRQHandler                       0x0000011b   Thumb Code     0  startup_stm32f103xb.o(.text)
    I2C2_EV_IRQHandler                       0x0000011b   Thumb Code     0  startup_stm32f103xb.o(.text)
    PVD_IRQHandler                           0x0000011b   Thumb Code     0  startup_stm32f103xb.o(.text)
    RCC_IRQHandler                           0x0000011b   Thumb Code     0  startup_stm32f103xb.o(.text)
    RTC_Alarm_IRQHandler                     0x0000011b   Thumb Code     0  startup_stm32f103xb.o(.text)
    SPI1_IRQHandler                          0x0000011b   Thumb Code     0  startup_stm32f103xb.o(.text)
    SPI2_IRQHandler                          0x0000011b   Thumb Code     0  startup_stm32f103xb.o(.text)
    TAMPER_IRQHandler                        0x0000011b   Thumb Code     0  startup_stm32f103xb.o(.text)
    TIM1_BRK_IRQHandler                      0x0000011b   Thumb Code     0  startup_stm32f103xb.o(.text)
    TIM1_CC_IRQHandler                       0x0000011b   Thumb Code     0  startup_stm32f103xb.o(.text)
    TIM1_TRG_COM_IRQHandler                  0x0000011b   Thumb Code     0  startup_stm32f103xb.o(.text)
    TIM1_UP_IRQHandler                       0x0000011b   Thumb Code     0  startup_stm32f103xb.o(.text)
    TIM2_IRQHandler                          0x0000011b   Thumb Code     0  startup_stm32f103xb.o(.text)
    TIM3_IRQHandler                          0x0000011b   Thumb Code     0  startup_stm32f103xb.o(.text)
    USART3_IRQHandler                        0x0000011b   Thumb Code     0  startup_stm32f103xb.o(.text)
    USBWakeUp_IRQHandler                     0x0000011b   Thumb Code     0  startup_stm32f103xb.o(.text)
    USB_HP_CAN1_TX_IRQHandler                0x0000011b   Thumb Code     0  startup_stm32f103xb.o(.text)
    USB_LP_CAN1_RX0_IRQHandler               0x0000011b   Thumb Code     0  startup_stm32f103xb.o(.text)
    WWDG_IRQHandler                          0x0000011b   Thumb Code     0  startup_stm32f103xb.o(.text)
    __aeabi_llsr                             0x00000125   Thumb Code    32  llushr.o(.text)
    _ll_ushift_r                             0x00000125   Thumb Code     0  llushr.o(.text)
    __aeabi_memset                           0x00000145   Thumb Code    14  memseta.o(.text)
    __aeabi_memset4                          0x00000145   Thumb Code     0  memseta.o(.text)
    __aeabi_memset8                          0x00000145   Thumb Code     0  memseta.o(.text)
    __aeabi_memclr                           0x00000153   Thumb Code     4  memseta.o(.text)
    __aeabi_memclr4                          0x00000153   Thumb Code     0  memseta.o(.text)
    __aeabi_memclr8                          0x00000153   Thumb Code     0  memseta.o(.text)
    _memset$wrapper                          0x00000157   Thumb Code    18  memseta.o(.text)
    strcpy                                   0x00000169   Thumb Code    18  strcpy.o(.text)
    __aeabi_dadd                             0x0000017b   Thumb Code   322  dadd.o(.text)
    __aeabi_dsub                             0x000002bd   Thumb Code     6  dadd.o(.text)
    __aeabi_drsub                            0x000002c3   Thumb Code     6  dadd.o(.text)
    __aeabi_dmul                             0x000002c9   Thumb Code   228  dmul.o(.text)
    __aeabi_ddiv                             0x000003ad   Thumb Code   222  ddiv.o(.text)
    __aeabi_i2f                              0x0000048b   Thumb Code    18  fflti.o(.text)
    __aeabi_i2d                              0x0000049d   Thumb Code    34  dflti.o(.text)
    __aeabi_d2iz                             0x000004bf   Thumb Code    62  dfixi.o(.text)
    __aeabi_d2uiz                            0x000004fd   Thumb Code    50  dfixui.o(.text)
    __aeabi_f2d                              0x0000052f   Thumb Code    38  f2d.o(.text)
    __aeabi_llsl                             0x00000555   Thumb Code    30  llshl.o(.text)
    _ll_shift_l                              0x00000555   Thumb Code     0  llshl.o(.text)
    __aeabi_lasr                             0x00000573   Thumb Code    36  llsshr.o(.text)
    _ll_sshift_r                             0x00000573   Thumb Code     0  llsshr.o(.text)
    __I$use$fp                               0x00000597   Thumb Code     0  iusefp.o(.text)
    _float_round                             0x00000597   Thumb Code    18  fepilogue.o(.text)
    _float_epilogue                          0x000005a9   Thumb Code    92  fepilogue.o(.text)
    _double_round                            0x00000605   Thumb Code    30  depilogue.o(.text)
    _double_epilogue                         0x00000623   Thumb Code   156  depilogue.o(.text)
    __scatterload                            0x000006c1   Thumb Code    28  init.o(.text)
    __scatterload_rt2                        0x000006c1   Thumb Code     0  init.o(.text)
    ADXL345_RecvACK                          0x000006e5   Thumb Code    58  adxl345.o(i.ADXL345_RecvACK)
    ADXL345_Recvbyte                         0x00000725   Thumb Code    96  adxl345.o(i.ADXL345_Recvbyte)
    ADXL345_SDA_Intput                       0x00000789   Thumb Code    50  adxl345.o(i.ADXL345_SDA_Intput)
    ADXL345_SDA_Output                       0x000007c5   Thumb Code    50  adxl345.o(i.ADXL345_SDA_Output)
    ADXL345_SendACK                          0x00000801   Thumb Code    58  adxl345.o(i.ADXL345_SendACK)
    ADXL345_Sendbyte                         0x00000841   Thumb Code    94  adxl345.o(i.ADXL345_Sendbyte)
    ADXL345_Start                            0x000008a5   Thumb Code    60  adxl345.o(i.ADXL345_Start)
    ADXL345_Stop                             0x000008e5   Thumb Code    50  adxl345.o(i.ADXL345_Stop)
    ADXL_345_ALL_Int                         0x0000091d   Thumb Code    72  adxl345.o(i.ADXL_345_ALL_Int)
    Angle                                    0x0000096d   Thumb Code    68  main.o(i.Angle)
    BusFault_Handler                         0x000009b9   Thumb Code     2  stm32f1xx_it.o(i.BusFault_Handler)
    DS18B20_Check                            0x000009bd   Thumb Code    88  ds18b20.o(i.DS18B20_Check)
    DS18B20_DQ_IN                            0x00000a19   Thumb Code    52  ds18b20.o(i.DS18B20_DQ_IN)
    DS18B20_Get_Temp                         0x00000a55   Thumb Code    88  ds18b20.o(i.DS18B20_Get_Temp)
    DS18B20_IO_OUT                           0x00000ab1   Thumb Code    50  ds18b20.o(i.DS18B20_IO_OUT)
    DS18B20_Init                             0x00000aed   Thumb Code    70  ds18b20.o(i.DS18B20_Init)
    DS18B20_Read_Bit                         0x00000b3d   Thumb Code    74  ds18b20.o(i.DS18B20_Read_Bit)
    DS18B20_Read_Byte                        0x00000b8d   Thumb Code    32  ds18b20.o(i.DS18B20_Read_Byte)
    DS18B20_Rst                              0x00000bad   Thumb Code    50  ds18b20.o(i.DS18B20_Rst)
    DS18B20_Start                            0x00000be5   Thumb Code    26  ds18b20.o(i.DS18B20_Start)
    DS18B20_Write_Byte                       0x00000c01   Thumb Code    96  ds18b20.o(i.DS18B20_Write_Byte)
    DebugMon_Handler                         0x00000c65   Thumb Code     2  stm32f1xx_it.o(i.DebugMon_Handler)
    Delay5us                                 0x00000c67   Thumb Code    34  adxl345.o(i.Delay5us)
    Display                                  0x00000c89   Thumb Code   644  main.o(i.Display)
    EXTI15_10_IRQHandler                     0x00000f65   Thumb Code     8  stm32f1xx_it.o(i.EXTI15_10_IRQHandler)
    FLASH_PageErase                          0x00000f91   Thumb Code    28  stm32f1xx_hal_flash_ex.o(i.FLASH_PageErase)
    FLASH_WaitForLastOperation               0x0000102d   Thumb Code    80  stm32f1xx_hal_flash.o(i.FLASH_WaitForLastOperation)
    GBZK_GPIO_Config                         0x00001081   Thumb Code   170  lcd_zk.o(i.GBZK_GPIO_Config)
    GBZK_ROMOUTRESET                         0x00001135   Thumb Code    48  lcd_zk.o(i.GBZK_ROMOUTRESET)
    GBZK_ROMOUTSET                           0x0000116d   Thumb Code    48  lcd_zk.o(i.GBZK_ROMOUTSET)
    GLL_Dispose                              0x000011a5   Thumb Code   752  main.o(i.GLL_Dispose)
    GSM_Init                                 0x000014bd   Thumb Code  1346  main.o(i.GSM_Init)
    Get_Time                                 0x00001a45   Thumb Code   176  main.o(i.Get_Time)
    HAL_DMA_Abort_IT                         0x00001afd   Thumb Code   148  stm32f1xx_hal_dma.o(i.HAL_DMA_Abort_IT)
    HAL_Delay                                0x00001b95   Thumb Code    32  stm32f1xx_hal.o(i.HAL_Delay)
    HAL_FLASHEx_Erase                        0x00001bb9   Thumb Code   160  stm32f1xx_hal_flash_ex.o(i.HAL_FLASHEx_Erase)
    HAL_FLASH_Lock                           0x00001c61   Thumb Code    14  stm32f1xx_hal_flash.o(i.HAL_FLASH_Lock)
    HAL_FLASH_Program                        0x00001c75   Thumb Code   120  stm32f1xx_hal_flash.o(i.HAL_FLASH_Program)
    HAL_FLASH_Unlock                         0x00001cf5   Thumb Code    28  stm32f1xx_hal_flash.o(i.HAL_FLASH_Unlock)
    HAL_GPIO_EXTI_Callback                   0x00001d1d   Thumb Code    24  main.o(i.HAL_GPIO_EXTI_Callback)
    HAL_GPIO_EXTI_IRQHandler                 0x00001d39   Thumb Code    18  stm32f1xx_hal_gpio.o(i.HAL_GPIO_EXTI_IRQHandler)
    HAL_GPIO_Init                            0x00001d51   Thumb Code   408  stm32f1xx_hal_gpio.o(i.HAL_GPIO_Init)
    HAL_GPIO_ReadPin                         0x00001f0d   Thumb Code    10  stm32f1xx_hal_gpio.o(i.HAL_GPIO_ReadPin)
    HAL_GPIO_WritePin                        0x00001f17   Thumb Code    10  stm32f1xx_hal_gpio.o(i.HAL_GPIO_WritePin)
    HAL_GetTick                              0x00001f21   Thumb Code     6  stm32f1xx_hal.o(i.HAL_GetTick)
    HAL_IncTick                              0x00001f2d   Thumb Code    12  stm32f1xx_hal.o(i.HAL_IncTick)
    HAL_Init                                 0x00001f3d   Thumb Code    32  stm32f1xx_hal.o(i.HAL_Init)
    HAL_InitTick                             0x00001f61   Thumb Code    54  stm32f1xx_hal.o(i.HAL_InitTick)
    HAL_MspInit                              0x00001fa1   Thumb Code    52  stm32f1xx_hal_msp.o(i.HAL_MspInit)
    HAL_NVIC_EnableIRQ                       0x00001fdd   Thumb Code    22  stm32f1xx_hal_cortex.o(i.HAL_NVIC_EnableIRQ)
    HAL_NVIC_SetPriority                     0x00001ff5   Thumb Code    60  stm32f1xx_hal_cortex.o(i.HAL_NVIC_SetPriority)
    HAL_NVIC_SetPriorityGrouping             0x00002035   Thumb Code    26  stm32f1xx_hal_cortex.o(i.HAL_NVIC_SetPriorityGrouping)
    HAL_PWR_EnableBkUpAccess                 0x00002059   Thumb Code     8  stm32f1xx_hal_pwr.o(i.HAL_PWR_EnableBkUpAccess)
    HAL_RCCEx_GetPeriphCLKFreq               0x00002065   Thumb Code   166  stm32f1xx_hal_rcc_ex.o(i.HAL_RCCEx_GetPeriphCLKFreq)
    HAL_RCCEx_PeriphCLKConfig                0x0000212d   Thumb Code   224  stm32f1xx_hal_rcc_ex.o(i.HAL_RCCEx_PeriphCLKConfig)
    HAL_RCC_ClockConfig                      0x00002219   Thumb Code   346  stm32f1xx_hal_rcc.o(i.HAL_RCC_ClockConfig)
    HAL_RCC_GetPCLK1Freq                     0x00002385   Thumb Code    20  stm32f1xx_hal_rcc.o(i.HAL_RCC_GetPCLK1Freq)
    HAL_RCC_GetPCLK2Freq                     0x000023a5   Thumb Code    20  stm32f1xx_hal_rcc.o(i.HAL_RCC_GetPCLK2Freq)
    HAL_RCC_GetSysClockFreq                  0x000023c5   Thumb Code    74  stm32f1xx_hal_rcc.o(i.HAL_RCC_GetSysClockFreq)
    HAL_RCC_OscConfig                        0x00002431   Thumb Code   750  stm32f1xx_hal_rcc.o(i.HAL_RCC_OscConfig)
    HAL_RTCEx_BKUPRead                       0x00002735   Thumb Code    10  stm32f1xx_hal_rtc_ex.o(i.HAL_RTCEx_BKUPRead)
    HAL_RTCEx_BKUPWrite                      0x00002745   Thumb Code    12  stm32f1xx_hal_rtc_ex.o(i.HAL_RTCEx_BKUPWrite)
    HAL_RTCEx_RTCEventCallback               0x00002755   Thumb Code     2  stm32f1xx_hal_rtc_ex.o(i.HAL_RTCEx_RTCEventCallback)
    HAL_RTCEx_RTCEventErrorCallback          0x00002757   Thumb Code     2  stm32f1xx_hal_rtc_ex.o(i.HAL_RTCEx_RTCEventErrorCallback)
    HAL_RTCEx_RTCIRQHandler                  0x00002759   Thumb Code    60  stm32f1xx_hal_rtc_ex.o(i.HAL_RTCEx_RTCIRQHandler)
    HAL_RTC_GetDate                          0x00002795   Thumb Code    78  stm32f1xx_hal_rtc.o(i.HAL_RTC_GetDate)
    HAL_RTC_GetTime                          0x000027e3   Thumb Code   216  stm32f1xx_hal_rtc.o(i.HAL_RTC_GetTime)
    HAL_RTC_Init                             0x000028bd   Thumb Code   154  stm32f1xx_hal_rtc.o(i.HAL_RTC_Init)
    HAL_RTC_MspInit                          0x0000295d   Thumb Code    60  stm32f1xx_hal_msp.o(i.HAL_RTC_MspInit)
    HAL_RTC_SetDate                          0x000029a5   Thumb Code   192  stm32f1xx_hal_rtc.o(i.HAL_RTC_SetDate)
    HAL_RTC_SetTime                          0x00002a69   Thumb Code   168  stm32f1xx_hal_rtc.o(i.HAL_RTC_SetTime)
    HAL_RTC_WaitForSynchro                   0x00002b15   Thumb Code    58  stm32f1xx_hal_rtc.o(i.HAL_RTC_WaitForSynchro)
    HAL_SYSTICK_Config                       0x00002b4f   Thumb Code    40  stm32f1xx_hal_cortex.o(i.HAL_SYSTICK_Config)
    HAL_TIMEx_BreakCallback                  0x00002b77   Thumb Code     2  stm32f1xx_hal_tim_ex.o(i.HAL_TIMEx_BreakCallback)
    HAL_TIMEx_CommutationCallback            0x00002b79   Thumb Code     2  stm32f1xx_hal_tim_ex.o(i.HAL_TIMEx_CommutationCallback)
    HAL_TIMEx_MasterConfigSynchronization    0x00002b7b   Thumb Code    80  stm32f1xx_hal_tim_ex.o(i.HAL_TIMEx_MasterConfigSynchronization)
    HAL_TIM_Base_Init                        0x00002bcb   Thumb Code    54  stm32f1xx_hal_tim.o(i.HAL_TIM_Base_Init)
    HAL_TIM_Base_MspInit                     0x00002c01   Thumb Code    50  stm32f1xx_hal_msp.o(i.HAL_TIM_Base_MspInit)
    HAL_TIM_Base_Start_IT                    0x00002c3d   Thumb Code    24  stm32f1xx_hal_tim.o(i.HAL_TIM_Base_Start_IT)
    HAL_TIM_ConfigClockSource                0x00002c55   Thumb Code   242  stm32f1xx_hal_tim.o(i.HAL_TIM_ConfigClockSource)
    HAL_TIM_IC_CaptureCallback               0x00002d47   Thumb Code     2  stm32f1xx_hal_tim.o(i.HAL_TIM_IC_CaptureCallback)
    HAL_TIM_IRQHandler                       0x00002d49   Thumb Code   358  stm32f1xx_hal_tim.o(i.HAL_TIM_IRQHandler)
    HAL_TIM_OC_DelayElapsedCallback          0x00002eaf   Thumb Code     2  stm32f1xx_hal_tim.o(i.HAL_TIM_OC_DelayElapsedCallback)
    HAL_TIM_PWM_PulseFinishedCallback        0x00002eb1   Thumb Code     2  stm32f1xx_hal_tim.o(i.HAL_TIM_PWM_PulseFinishedCallback)
    HAL_TIM_PeriodElapsedCallback            0x00002eb5   Thumb Code   402  main.o(i.HAL_TIM_PeriodElapsedCallback)
    HAL_TIM_TriggerCallback                  0x00003055   Thumb Code     2  stm32f1xx_hal_tim.o(i.HAL_TIM_TriggerCallback)
    HAL_UART_ErrorCallback                   0x00003057   Thumb Code     2  stm32f1xx_hal_uart.o(i.HAL_UART_ErrorCallback)
    HAL_UART_IRQHandler                      0x00003059   Thumb Code   266  stm32f1xx_hal_uart.o(i.HAL_UART_IRQHandler)
    HAL_UART_Init                            0x00003169   Thumb Code    98  stm32f1xx_hal_uart.o(i.HAL_UART_Init)
    HAL_UART_MspInit                         0x000031cd   Thumb Code   198  stm32f1xx_hal_msp.o(i.HAL_UART_MspInit)
    HAL_UART_Receive_IT                      0x000032a5   Thumb Code    82  stm32f1xx_hal_uart.o(i.HAL_UART_Receive_IT)
    HAL_UART_RxCpltCallback                  0x000032f9   Thumb Code   650  main.o(i.HAL_UART_RxCpltCallback)
    HAL_UART_Transmit                        0x00003591   Thumb Code   186  stm32f1xx_hal_uart.o(i.HAL_UART_Transmit)
    HAL_UART_TxCpltCallback                  0x0000364b   Thumb Code     2  stm32f1xx_hal_uart.o(i.HAL_UART_TxCpltCallback)
    HardFault_Handler                        0x0000364d   Thumb Code     2  stm32f1xx_it.o(i.HardFault_Handler)
    Init_ADXL345                             0x0000364f   Thumb Code    74  adxl345.o(i.Init_ADXL345)
    Key_Dispose                              0x00003699   Thumb Code    76  main.o(i.Key_Dispose)
    MemManage_Handler                        0x000038cd   Thumb Code     2  stm32f1xx_it.o(i.MemManage_Handler)
    Memory                                   0x000038d1   Thumb Code   136  main.o(i.Memory)
    Multiple_ReadADXL345                     0x00003991   Thumb Code    74  adxl345.o(i.Multiple_ReadADXL345)
    NMI_Handler                              0x000039e1   Thumb Code     2  stm32f1xx_it.o(i.NMI_Handler)
    PendSV_Handler                           0x00003a03   Thumb Code     2  stm32f1xx_it.o(i.PendSV_Handler)
    RTC_IRQHandler                           0x00003b49   Thumb Code     6  stm32f1xx_it.o(i.RTC_IRQHandler)
    SVC_Handler                              0x00003c29   Thumb Code     2  stm32f1xx_it.o(i.SVC_Handler)
    Single_Write_ADXL345                     0x00003c2b   Thumb Code    36  adxl345.o(i.Single_Write_ADXL345)
    SysTick_Handler                          0x00003c4f   Thumb Code     4  stm32f1xx_it.o(i.SysTick_Handler)
    SystemClock_Config                       0x00003c53   Thumb Code   118  main.o(i.SystemClock_Config)
    SystemInit                               0x00003cc9   Thumb Code    56  system_stm32f1xx.o(i.SystemInit)
    TIM4_IRQHandler                          0x00003d11   Thumb Code     6  stm32f1xx_it.o(i.TIM4_IRQHandler)
    TIM_Base_SetConfig                       0x00003d1d   Thumb Code    94  stm32f1xx_hal_tim.o(i.TIM_Base_SetConfig)
    USART1_IRQHandler                        0x000040ed   Thumb Code     6  stm32f1xx_it.o(i.USART1_IRQHandler)
    USART2_IRQHandler                        0x000040f9   Thumb Code     6  stm32f1xx_it.o(i.USART2_IRQHandler)
    Uart1Data                                0x00004105   Thumb Code    18  main.o(i.Uart1Data)
    Uart1Databyte                            0x0000411d   Thumb Code    20  main.o(i.Uart1Databyte)
    Uart_ErrorCle                            0x00004131   Thumb Code    48  main.o(i.Uart_ErrorCle)
    UsageFault_Handler                       0x00004169   Thumb Code     2  stm32f1xx_it.o(i.UsageFault_Handler)
    Write_flsh_byte                          0x0000416b   Thumb Code    52  flsh.o(i.Write_flsh_byte)
    __scatterload_copy                       0x0000419f   Thumb Code    14  handlers.o(i.__scatterload_copy)
    __scatterload_null                       0x000041ad   Thumb Code     2  handlers.o(i.__scatterload_null)
    __scatterload_zeroinit                   0x000041af   Thumb Code    14  handlers.o(i.__scatterload_zeroinit)
    clear_screen                             0x000041bd   Thumb Code    86  lcd_zk.o(i.clear_screen)
    delay                                    0x00004219   Thumb Code    28  lcd_zk.o(i.delay)
    delay_us                                 0x00004235   Thumb Code    12  ds18b20.o(i.delay_us)
    display_GB2312_string                    0x00004241   Thumb Code   198  lcd_zk.o(i.display_GB2312_string)
    display_buff                             0x00004311   Thumb Code    62  main.o(i.display_buff)
    display_graphic_16x16                    0x00004379   Thumb Code    86  lcd_zk.o(i.display_graphic_16x16)
    display_graphic_8x16                     0x000043d5   Thumb Code    72  lcd_zk.o(i.display_graphic_8x16)
    get_n_bytes_data_from_ROM                0x00004489   Thumb Code   104  lcd_zk.o(i.get_n_bytes_data_from_ROM)
    initial_lcd                              0x000044f5   Thumb Code   218  lcd_zk.o(i.initial_lcd)
    lcd_address                              0x000045d5   Thumb Code    34  lcd_zk.o(i.lcd_address)
    main                                     0x000045f9   Thumb Code   260  main.o(i.main)
    send_command_to_ROM                      0x00004749   Thumb Code    76  lcd_zk.o(i.send_command_to_ROM)
    transfer_command_lcd                     0x00004799   Thumb Code   110  lcd_zk.o(i.transfer_command_lcd)
    transfer_data_lcd                        0x0000480d   Thumb Code   110  lcd_zk.o(i.transfer_data_lcd)
    AHBPrescTable                            0x00004880   Data          16  system_stm32f1xx.o(.constdata)
    APBPrescTable                            0x00004890   Data           8  system_stm32f1xx.o(.constdata)
    Region$$Table$$Base                      0x00004940   Number         0  anon$$obj.o(Region$$Table)
    Region$$Table$$Limit                     0x00004960   Number         0  anon$$obj.o(Region$$Table)
    Uart1_Count                              0x20000000   Data           1  main.o(.data)
    GLL_flag                                 0x20000001   Data           1  main.o(.data)
    GPS_shi                                  0x20000002   Data           1  main.o(.data)
    GPS_fen                                  0x20000003   Data           1  main.o(.data)
    GPS_miao                                 0x20000004   Data           1  main.o(.data)
    Close_GPS_Send                           0x20000005   Data           1  main.o(.data)
    GPS_Config_Time                          0x20000006   Data           1  main.o(.data)
    GPS_Config_Count                         0x20000007   Data           1  main.o(.data)
    Set_Time                                 0x20000008   Data           1  main.o(.data)
    Angle_flag                               0x20000009   Data           1  main.o(.data)
    Police_flag                              0x2000000a   Data           1  main.o(.data)
    Key_flag                                 0x2000000b   Data           1  main.o(.data)
    Key2_flag                                0x2000000c   Data           1  main.o(.data)
    Beep_Count                               0x2000000d   Data           1  main.o(.data)
    Read_DS18B20                             0x2000000e   Data           1  main.o(.data)
    Heart_flag                               0x2000000f   Data           1  main.o(.data)
    Heart_Conut_max                          0x20000010   Data           1  main.o(.data)
    XinLv_Count                              0x20000011   Data           1  main.o(.data)
    XinLv_Buff1                              0x20000012   Data           1  main.o(.data)
    XinLv_Buff2                              0x20000013   Data           1  main.o(.data)
    XinLv_Buff3                              0x20000014   Data           1  main.o(.data)
    XinLv_Wucha                              0x20000015   Data           1  main.o(.data)
    Star                                     0x20000016   Data           1  main.o(.data)
    memory_GPS                               0x20000017   Data           1  main.o(.data)
    Quest_flag                               0x20000018   Data           1  main.o(.data)
    GSM_Num                                  0x20000019   Data           1  main.o(.data)
    GSM_Send                                 0x2000001a   Data           1  main.o(.data)
    GSM_Send_Num                             0x2000001b   Data           1  main.o(.data)
    memory_flag                              0x2000001c   Data           1  main.o(.data)
    GPS_Time                                 0x2000001e   Data           2  main.o(.data)
    Police_WaitTime                          0x20000020   Data           2  main.o(.data)
    aRxBuffer                                0x20000022   Data           3  main.o(.data)
    GetTime                                  0x20000025   Data           3  main.o(.data)
    AT_Time                                  0x20000028   Data           4  main.o(.data)
    Uart1_ERROR                              0x2000002c   Data           4  main.o(.data)
    Uart2_Count                              0x20000030   Data           4  main.o(.data)
    Uart2_ERROR                              0x20000034   Data           4  main.o(.data)
    Time4_ms                                 0x20000038   Data           4  main.o(.data)
    GPS_jingdu                               0x2000003c   Data           4  main.o(.data)
    GPS_weidu                                0x20000040   Data           4  main.o(.data)
    ADXL345_y                                0x20000044   Data           4  main.o(.data)
    DS18B20_Temp                             0x20000048   Data           4  main.o(.data)
    Heart_Count                              0x2000004c   Data           4  main.o(.data)
    Heart_xinlv                              0x20000050   Data           4  main.o(.data)
    xinlv                                    0x20000054   Data           4  main.o(.data)
    GSM_Send_Time                            0x20000058   Data           4  main.o(.data)
    DateToUpdate                             0x2000005c   Data           4  main.o(.data)
    BUF                                      0x20000060   Data           8  main.o(.data)
    Phone                                    0x20000068   Data          11  main.o(.data)
    table_week                               0x20000073   Data          12  main.o(.data)
    uwTickFreq                               0x20000080   Data           1  stm32f1xx_hal.o(.data)
    uwTickPrio                               0x20000084   Data           4  stm32f1xx_hal.o(.data)
    uwTick                                   0x20000088   Data           4  stm32f1xx_hal.o(.data)
    SystemCoreClock                          0x2000008c   Data           4  system_stm32f1xx.o(.data)
    fontaddr                                 0x20000090   Data           4  lcd_zk.o(.data)
    hrtc                                     0x20000094   Data          20  main.o(.bss)
    htim4                                    0x200000a8   Data          64  main.o(.bss)
    huart1                                   0x200000e8   Data          64  main.o(.bss)
    huart2                                   0x20000128   Data          64  main.o(.bss)
    Uart1_Buff                               0x20000168   Data        1024  main.o(.bss)
    Uart2_Buff                               0x20000568   Data        1024  main.o(.bss)
    GLL                                      0x20000968   Data        1024  main.o(.bss)
    pFlash                                   0x20000d68   Data          32  stm32f1xx_hal_flash.o(.bss)
    __initial_sp                             0x20001188   Data           0  startup_stm32f103xb.o(STACK)



==============================================================================

Memory Map of the image

  Image Entry point : 0x000000ed

  Load Region LR_IROM1 (Base: 0x00000000, Size: 0x000049f4, Max: 0x00040000, ABSOLUTE)

    Execution Region ER_IROM1 (Base: 0x00000000, Size: 0x00004960, Max: 0x00040000, ABSOLUTE)

    Base Addr    Size         Type   Attr      Idx    E Section Name        Object

    0x00000000   0x000000ec   Data   RO            3    RESET               startup_stm32f103xb.o
    0x000000ec   0x00000000   Code   RO         3227  * .ARM.Collect$$$$00000000  mc_w.l(entry.o)
    0x000000ec   0x00000004   Code   RO         3252    .ARM.Collect$$$$00000001  mc_w.l(entry2.o)
    0x000000f0   0x00000004   Code   RO         3255    .ARM.Collect$$$$00000004  mc_w.l(entry5.o)
    0x000000f4   0x00000000   Code   RO         3257    .ARM.Collect$$$$00000008  mc_w.l(entry7b.o)
    0x000000f4   0x00000000   Code   RO         3259    .ARM.Collect$$$$0000000A  mc_w.l(entry8b.o)
    0x000000f4   0x00000008   Code   RO         3260    .ARM.Collect$$$$0000000B  mc_w.l(entry9a.o)
    0x000000fc   0x00000000   Code   RO         3262    .ARM.Collect$$$$0000000D  mc_w.l(entry10a.o)
    0x000000fc   0x00000000   Code   RO         3264    .ARM.Collect$$$$0000000F  mc_w.l(entry11a.o)
    0x000000fc   0x00000004   Code   RO         3253    .ARM.Collect$$$$00002712  mc_w.l(entry2.o)
    0x00000100   0x00000024   Code   RO            4    .text               startup_stm32f103xb.o
    0x00000124   0x00000020   Code   RO         3230    .text               mc_w.l(llushr.o)
    0x00000144   0x00000024   Code   RO         3232    .text               mc_w.l(memseta.o)
    0x00000168   0x00000012   Code   RO         3234    .text               mc_w.l(strcpy.o)
    0x0000017a   0x0000014e   Code   RO         3236    .text               mf_w.l(dadd.o)
    0x000002c8   0x000000e4   Code   RO         3238    .text               mf_w.l(dmul.o)
    0x000003ac   0x000000de   Code   RO         3240    .text               mf_w.l(ddiv.o)
    0x0000048a   0x00000012   Code   RO         3242    .text               mf_w.l(fflti.o)
    0x0000049c   0x00000022   Code   RO         3244    .text               mf_w.l(dflti.o)
    0x000004be   0x0000003e   Code   RO         3246    .text               mf_w.l(dfixi.o)
    0x000004fc   0x00000032   Code   RO         3248    .text               mf_w.l(dfixui.o)
    0x0000052e   0x00000026   Code   RO         3250    .text               mf_w.l(f2d.o)
    0x00000554   0x0000001e   Code   RO         3266    .text               mc_w.l(llshl.o)
    0x00000572   0x00000024   Code   RO         3268    .text               mc_w.l(llsshr.o)
    0x00000596   0x00000000   Code   RO         3270    .text               mc_w.l(iusefp.o)
    0x00000596   0x0000006e   Code   RO         3271    .text               mf_w.l(fepilogue.o)
    0x00000604   0x000000ba   Code   RO         3273    .text               mf_w.l(depilogue.o)
    0x000006be   0x00000002   PAD
    0x000006c0   0x00000024   Code   RO         3275    .text               mc_w.l(init.o)
    0x000006e4   0x00000040   Code   RO         3013    i.ADXL345_RecvACK   adxl345.o
    0x00000724   0x00000064   Code   RO         3014    i.ADXL345_Recvbyte  adxl345.o
    0x00000788   0x0000003c   Code   RO         3015    i.ADXL345_SDA_Intput  adxl345.o
    0x000007c4   0x0000003c   Code   RO         3016    i.ADXL345_SDA_Output  adxl345.o
    0x00000800   0x00000040   Code   RO         3017    i.ADXL345_SendACK   adxl345.o
    0x00000840   0x00000064   Code   RO         3018    i.ADXL345_Sendbyte  adxl345.o
    0x000008a4   0x00000040   Code   RO         3019    i.ADXL345_Start     adxl345.o
    0x000008e4   0x00000038   Code   RO         3020    i.ADXL345_Stop      adxl345.o
    0x0000091c   0x00000050   Code   RO         3021    i.ADXL_345_ALL_Int  adxl345.o
    0x0000096c   0x0000004c   Code   RO           13    i.Angle             main.o
    0x000009b8   0x00000002   Code   RO          287    i.BusFault_Handler  stm32f1xx_it.o
    0x000009ba   0x00000002   PAD
    0x000009bc   0x0000005c   Code   RO         3119    i.DS18B20_Check     ds18b20.o
    0x00000a18   0x0000003c   Code   RO         3120    i.DS18B20_DQ_IN     ds18b20.o
    0x00000a54   0x0000005c   Code   RO         3121    i.DS18B20_Get_Temp  ds18b20.o
    0x00000ab0   0x0000003c   Code   RO         3122    i.DS18B20_IO_OUT    ds18b20.o
    0x00000aec   0x00000050   Code   RO         3123    i.DS18B20_Init      ds18b20.o
    0x00000b3c   0x00000050   Code   RO         3124    i.DS18B20_Read_Bit  ds18b20.o
    0x00000b8c   0x00000020   Code   RO         3125    i.DS18B20_Read_Byte  ds18b20.o
    0x00000bac   0x00000038   Code   RO         3126    i.DS18B20_Rst       ds18b20.o
    0x00000be4   0x0000001a   Code   RO         3127    i.DS18B20_Start     ds18b20.o
    0x00000bfe   0x00000002   PAD
    0x00000c00   0x00000064   Code   RO         3128    i.DS18B20_Write_Byte  ds18b20.o
    0x00000c64   0x00000002   Code   RO          288    i.DebugMon_Handler  stm32f1xx_it.o
    0x00000c66   0x00000022   Code   RO         3023    i.Delay5us          adxl345.o
    0x00000c88   0x000002dc   Code   RO           15    i.Display           main.o
    0x00000f64   0x00000008   Code   RO          289    i.EXTI15_10_IRQHandler  stm32f1xx_it.o
    0x00000f6c   0x00000024   Code   RO         2757    i.FLASH_MassErase   stm32f1xx_hal_flash_ex.o
    0x00000f90   0x00000024   Code   RO         2762    i.FLASH_PageErase   stm32f1xx_hal_flash_ex.o
    0x00000fb4   0x0000001c   Code   RO         2654    i.FLASH_Program_HalfWord  stm32f1xx_hal_flash.o
    0x00000fd0   0x0000005c   Code   RO         2655    i.FLASH_SetErrorCode  stm32f1xx_hal_flash.o
    0x0000102c   0x00000054   Code   RO         2656    i.FLASH_WaitForLastOperation  stm32f1xx_hal_flash.o
    0x00001080   0x000000b4   Code   RO         2880    i.GBZK_GPIO_Config  lcd_zk.o
    0x00001134   0x00000038   Code   RO         2881    i.GBZK_ROMOUTRESET  lcd_zk.o
    0x0000116c   0x00000038   Code   RO         2882    i.GBZK_ROMOUTSET    lcd_zk.o
    0x000011a4   0x00000318   Code   RO           17    i.GLL_Dispose       main.o
    0x000014bc   0x00000588   Code   RO           18    i.GSM_Init          main.o
    0x00001a44   0x000000b8   Code   RO           19    i.Get_Time          main.o
    0x00001afc   0x00000098   Code   RO         2319    i.HAL_DMA_Abort_IT  stm32f1xx_hal_dma.o
    0x00001b94   0x00000024   Code   RO         1958    i.HAL_Delay         stm32f1xx_hal.o
    0x00001bb8   0x000000a8   Code   RO         2763    i.HAL_FLASHEx_Erase  stm32f1xx_hal_flash_ex.o
    0x00001c60   0x00000014   Code   RO         2660    i.HAL_FLASH_Lock    stm32f1xx_hal_flash.o
    0x00001c74   0x00000080   Code   RO         2665    i.HAL_FLASH_Program  stm32f1xx_hal_flash.o
    0x00001cf4   0x00000028   Code   RO         2667    i.HAL_FLASH_Unlock  stm32f1xx_hal_flash.o
    0x00001d1c   0x0000001c   Code   RO           20    i.HAL_GPIO_EXTI_Callback  main.o
    0x00001d38   0x00000018   Code   RO         2253    i.HAL_GPIO_EXTI_IRQHandler  stm32f1xx_hal_gpio.o
    0x00001d50   0x000001bc   Code   RO         2254    i.HAL_GPIO_Init     stm32f1xx_hal_gpio.o
    0x00001f0c   0x0000000a   Code   RO         2256    i.HAL_GPIO_ReadPin  stm32f1xx_hal_gpio.o
    0x00001f16   0x0000000a   Code   RO         2258    i.HAL_GPIO_WritePin  stm32f1xx_hal_gpio.o
    0x00001f20   0x0000000c   Code   RO         1962    i.HAL_GetTick       stm32f1xx_hal.o
    0x00001f2c   0x00000010   Code   RO         1966    i.HAL_IncTick       stm32f1xx_hal.o
    0x00001f3c   0x00000024   Code   RO         1967    i.HAL_Init          stm32f1xx_hal.o
    0x00001f60   0x00000040   Code   RO         1968    i.HAL_InitTick      stm32f1xx_hal.o
    0x00001fa0   0x0000003c   Code   RO          393    i.HAL_MspInit       stm32f1xx_hal_msp.o
    0x00001fdc   0x00000016   Code   RO         2414    i.HAL_NVIC_EnableIRQ  stm32f1xx_hal_cortex.o
    0x00001ff2   0x00000002   PAD
    0x00001ff4   0x00000040   Code   RO         2420    i.HAL_NVIC_SetPriority  stm32f1xx_hal_cortex.o
    0x00002034   0x00000024   Code   RO         2421    i.HAL_NVIC_SetPriorityGrouping  stm32f1xx_hal_cortex.o
    0x00002058   0x0000000c   Code   RO         2536    i.HAL_PWR_EnableBkUpAccess  stm32f1xx_hal_pwr.o
    0x00002064   0x000000c8   Code   RO         2216    i.HAL_RCCEx_GetPeriphCLKFreq  stm32f1xx_hal_rcc_ex.o
    0x0000212c   0x000000ec   Code   RO         2217    i.HAL_RCCEx_PeriphCLKConfig  stm32f1xx_hal_rcc_ex.o
    0x00002218   0x0000016c   Code   RO         2114    i.HAL_RCC_ClockConfig  stm32f1xx_hal_rcc.o
    0x00002384   0x00000020   Code   RO         2121    i.HAL_RCC_GetPCLK1Freq  stm32f1xx_hal_rcc.o
    0x000023a4   0x00000020   Code   RO         2122    i.HAL_RCC_GetPCLK2Freq  stm32f1xx_hal_rcc.o
    0x000023c4   0x0000006c   Code   RO         2123    i.HAL_RCC_GetSysClockFreq  stm32f1xx_hal_rcc.o
    0x00002430   0x00000304   Code   RO         2126    i.HAL_RCC_OscConfig  stm32f1xx_hal_rcc.o
    0x00002734   0x00000010   Code   RO          659    i.HAL_RTCEx_BKUPRead  stm32f1xx_hal_rtc_ex.o
    0x00002744   0x00000010   Code   RO          660    i.HAL_RTCEx_BKUPWrite  stm32f1xx_hal_rtc_ex.o
    0x00002754   0x00000002   Code   RO          664    i.HAL_RTCEx_RTCEventCallback  stm32f1xx_hal_rtc_ex.o
    0x00002756   0x00000002   Code   RO          665    i.HAL_RTCEx_RTCEventErrorCallback  stm32f1xx_hal_rtc_ex.o
    0x00002758   0x0000003c   Code   RO          666    i.HAL_RTCEx_RTCIRQHandler  stm32f1xx_hal_rtc_ex.o
    0x00002794   0x0000004e   Code   RO          494    i.HAL_RTC_GetDate   stm32f1xx_hal_rtc.o
    0x000027e2   0x000000d8   Code   RO          496    i.HAL_RTC_GetTime   stm32f1xx_hal_rtc.o
    0x000028ba   0x00000002   PAD
    0x000028bc   0x000000a0   Code   RO          497    i.HAL_RTC_Init      stm32f1xx_hal_rtc.o
    0x0000295c   0x00000048   Code   RO          395    i.HAL_RTC_MspInit   stm32f1xx_hal_msp.o
    0x000029a4   0x000000c4   Code   RO          503    i.HAL_RTC_SetDate   stm32f1xx_hal_rtc.o
    0x00002a68   0x000000ac   Code   RO          504    i.HAL_RTC_SetTime   stm32f1xx_hal_rtc.o
    0x00002b14   0x0000003a   Code   RO          505    i.HAL_RTC_WaitForSynchro  stm32f1xx_hal_rtc.o
    0x00002b4e   0x00000028   Code   RO         2425    i.HAL_SYSTICK_Config  stm32f1xx_hal_cortex.o
    0x00002b76   0x00000002   Code   RO         1392    i.HAL_TIMEx_BreakCallback  stm32f1xx_hal_tim_ex.o
    0x00002b78   0x00000002   Code   RO         1393    i.HAL_TIMEx_CommutationCallback  stm32f1xx_hal_tim_ex.o
    0x00002b7a   0x00000050   Code   RO         1409    i.HAL_TIMEx_MasterConfigSynchronization  stm32f1xx_hal_tim_ex.o
    0x00002bca   0x00000036   Code   RO          763    i.HAL_TIM_Base_Init  stm32f1xx_hal_tim.o
    0x00002c00   0x0000003c   Code   RO          397    i.HAL_TIM_Base_MspInit  stm32f1xx_hal_msp.o
    0x00002c3c   0x00000018   Code   RO          768    i.HAL_TIM_Base_Start_IT  stm32f1xx_hal_tim.o
    0x00002c54   0x000000f2   Code   RO          772    i.HAL_TIM_ConfigClockSource  stm32f1xx_hal_tim.o
    0x00002d46   0x00000002   Code   RO          792    i.HAL_TIM_IC_CaptureCallback  stm32f1xx_hal_tim.o
    0x00002d48   0x00000166   Code   RO          805    i.HAL_TIM_IRQHandler  stm32f1xx_hal_tim.o
    0x00002eae   0x00000002   Code   RO          808    i.HAL_TIM_OC_DelayElapsedCallback  stm32f1xx_hal_tim.o
    0x00002eb0   0x00000002   Code   RO          835    i.HAL_TIM_PWM_PulseFinishedCallback  stm32f1xx_hal_tim.o
    0x00002eb2   0x00000002   PAD
    0x00002eb4   0x000001a0   Code   RO           21    i.HAL_TIM_PeriodElapsedCallback  main.o
    0x00003054   0x00000002   Code   RO          846    i.HAL_TIM_TriggerCallback  stm32f1xx_hal_tim.o
    0x00003056   0x00000002   Code   RO         1646    i.HAL_UART_ErrorCallback  stm32f1xx_hal_uart.o
    0x00003058   0x00000110   Code   RO         1649    i.HAL_UART_IRQHandler  stm32f1xx_hal_uart.o
    0x00003168   0x00000062   Code   RO         1650    i.HAL_UART_Init     stm32f1xx_hal_uart.o
    0x000031ca   0x00000002   PAD
    0x000031cc   0x000000d8   Code   RO          399    i.HAL_UART_MspInit  stm32f1xx_hal_msp.o
    0x000032a4   0x00000052   Code   RO         1655    i.HAL_UART_Receive_IT  stm32f1xx_hal_uart.o
    0x000032f6   0x00000002   PAD
    0x000032f8   0x00000298   Code   RO           22    i.HAL_UART_RxCpltCallback  main.o
    0x00003590   0x000000ba   Code   RO         1658    i.HAL_UART_Transmit  stm32f1xx_hal_uart.o
    0x0000364a   0x00000002   Code   RO         1661    i.HAL_UART_TxCpltCallback  stm32f1xx_hal_uart.o
    0x0000364c   0x00000002   Code   RO          290    i.HardFault_Handler  stm32f1xx_it.o
    0x0000364e   0x0000004a   Code   RO         3024    i.Init_ADXL345      adxl345.o
    0x00003698   0x00000054   Code   RO           23    i.Key_Dispose       main.o
    0x000036ec   0x000000d0   Code   RO           24    i.MX_GPIO_Init      main.o
    0x000037bc   0x000000b0   Code   RO           25    i.MX_RTC_Init       main.o
    0x0000386c   0x00000060   Code   RO           26    i.MX_TIM4_Init      main.o
    0x000038cc   0x00000002   Code   RO          291    i.MemManage_Handler  stm32f1xx_it.o
    0x000038ce   0x00000002   PAD
    0x000038d0   0x000000c0   Code   RO           27    i.Memory            main.o
    0x00003990   0x00000050   Code   RO         3025    i.Multiple_ReadADXL345  adxl345.o
    0x000039e0   0x00000002   Code   RO          292    i.NMI_Handler       stm32f1xx_it.o
    0x000039e2   0x00000020   Code   RO         2427    i.NVIC_SetPriority  stm32f1xx_hal_cortex.o
    0x00003a02   0x00000002   Code   RO          293    i.PendSV_Handler    stm32f1xx_it.o
    0x00003a04   0x00000012   Code   RO          506    i.RTC_Bcd2ToByte    stm32f1xx_hal_rtc.o
    0x00003a16   0x00000016   Code   RO          507    i.RTC_ByteToBcd2    stm32f1xx_hal_rtc.o
    0x00003a2c   0x000000ae   Code   RO          508    i.RTC_DateUpdate    stm32f1xx_hal_rtc.o
    0x00003ada   0x00000034   Code   RO          509    i.RTC_EnterInitMode  stm32f1xx_hal_rtc.o
    0x00003b0e   0x00000002   PAD
    0x00003b10   0x00000036   Code   RO          510    i.RTC_ExitInitMode  stm32f1xx_hal_rtc.o
    0x00003b46   0x00000002   PAD
    0x00003b48   0x0000000c   Code   RO          294    i.RTC_IRQHandler    stm32f1xx_it.o
    0x00003b54   0x0000000e   Code   RO          511    i.RTC_ReadAlarmCounter  stm32f1xx_hal_rtc.o
    0x00003b62   0x00000020   Code   RO          512    i.RTC_ReadTimeCounter  stm32f1xx_hal_rtc.o
    0x00003b82   0x00000056   Code   RO          513    i.RTC_WeekDayNum    stm32f1xx_hal_rtc.o
    0x00003bd8   0x00000028   Code   RO          514    i.RTC_WriteAlarmCounter  stm32f1xx_hal_rtc.o
    0x00003c00   0x00000028   Code   RO          515    i.RTC_WriteTimeCounter  stm32f1xx_hal_rtc.o
    0x00003c28   0x00000002   Code   RO          295    i.SVC_Handler       stm32f1xx_it.o
    0x00003c2a   0x00000024   Code   RO         3027    i.Single_Write_ADXL345  adxl345.o
    0x00003c4e   0x00000004   Code   RO          296    i.SysTick_Handler   stm32f1xx_it.o
    0x00003c52   0x00000076   Code   RO           29    i.SystemClock_Config  main.o
    0x00003cc8   0x00000048   Code   RO         2843    i.SystemInit        system_stm32f1xx.o
    0x00003d10   0x0000000c   Code   RO          297    i.TIM4_IRQHandler   stm32f1xx_it.o
    0x00003d1c   0x0000006c   Code   RO          847    i.TIM_Base_SetConfig  stm32f1xx_hal_tim.o
    0x00003d88   0x00000014   Code   RO          854    i.TIM_ETR_SetConfig  stm32f1xx_hal_tim.o
    0x00003d9c   0x00000010   Code   RO          855    i.TIM_ITRx_SetConfig  stm32f1xx_hal_tim.o
    0x00003dac   0x00000022   Code   RO          861    i.TIM_TI1_ConfigInputStage  stm32f1xx_hal_tim.o
    0x00003dce   0x00000024   Code   RO          863    i.TIM_TI2_ConfigInputStage  stm32f1xx_hal_tim.o
    0x00003df2   0x00000010   Code   RO         1663    i.UART_DMAAbortOnError  stm32f1xx_hal_uart.o
    0x00003e02   0x0000001c   Code   RO         1673    i.UART_EndRxTransfer  stm32f1xx_hal_uart.o
    0x00003e1e   0x00000096   Code   RO         1675    i.UART_Receive_IT   stm32f1xx_hal_uart.o
    0x00003eb4   0x00000170   Code   RO         1676    i.UART_SetConfig    stm32f1xx_hal_uart.o
    0x00004024   0x00000062   Code   RO         1677    i.UART_Transmit_IT  stm32f1xx_hal_uart.o
    0x00004086   0x00000064   Code   RO         1678    i.UART_WaitOnFlagUntilTimeout  stm32f1xx_hal_uart.o
    0x000040ea   0x00000002   PAD
    0x000040ec   0x0000000c   Code   RO          298    i.USART1_IRQHandler  stm32f1xx_it.o
    0x000040f8   0x0000000c   Code   RO          299    i.USART2_IRQHandler  stm32f1xx_it.o
    0x00004104   0x00000018   Code   RO           30    i.Uart1Data         main.o
    0x0000411c   0x00000014   Code   RO           31    i.Uart1Databyte     main.o
    0x00004130   0x00000038   Code   RO           32    i.Uart_ErrorCle     main.o
    0x00004168   0x00000002   Code   RO          300    i.UsageFault_Handler  stm32f1xx_it.o
    0x0000416a   0x00000034   Code   RO         3200    i.Write_flsh_byte   flsh.o
    0x0000419e   0x0000000e   Code   RO         3279    i.__scatterload_copy  mc_w.l(handlers.o)
    0x000041ac   0x00000002   Code   RO         3280    i.__scatterload_null  mc_w.l(handlers.o)
    0x000041ae   0x0000000e   Code   RO         3281    i.__scatterload_zeroinit  mc_w.l(handlers.o)
    0x000041bc   0x0000005c   Code   RO         2883    i.clear_screen      lcd_zk.o
    0x00004218   0x0000001c   Code   RO         2884    i.delay             lcd_zk.o
    0x00004234   0x0000000c   Code   RO         3129    i.delay_us          ds18b20.o
    0x00004240   0x000000d0   Code   RO         2886    i.display_GB2312_string  lcd_zk.o
    0x00004310   0x00000068   Code   RO           33    i.display_buff      main.o
    0x00004378   0x0000005c   Code   RO         2887    i.display_graphic_16x16  lcd_zk.o
    0x000043d4   0x0000004c   Code   RO         2889    i.display_graphic_8x16  lcd_zk.o
    0x00004420   0x00000068   Code   RO         2891    i.get_data_from_ROM  lcd_zk.o
    0x00004488   0x0000006c   Code   RO         2892    i.get_n_bytes_data_from_ROM  lcd_zk.o
    0x000044f4   0x000000e0   Code   RO         2893    i.initial_lcd       lcd_zk.o
    0x000045d4   0x00000022   Code   RO         2894    i.lcd_address       lcd_zk.o
    0x000045f6   0x00000002   PAD
    0x000045f8   0x00000150   Code   RO           34    i.main              main.o
    0x00004748   0x00000050   Code   RO         2895    i.send_command_to_ROM  lcd_zk.o
    0x00004798   0x00000074   Code   RO         2896    i.transfer_command_lcd  lcd_zk.o
    0x0000480c   0x00000074   Code   RO         2897    i.transfer_data_lcd  lcd_zk.o
    0x00004880   0x00000010   Data   RO         2844    .constdata          system_stm32f1xx.o
    0x00004890   0x00000008   Data   RO         2845    .constdata          system_stm32f1xx.o
    0x00004898   0x000000a5   Data   RO           36    .conststring        main.o
    0x0000493d   0x00000003   PAD
    0x00004940   0x00000020   Data   RO         3277    Region$$Table       anon$$obj.o


    Execution Region RW_IRAM1 (Base: 0x20000000, Size: 0x00001188, Max: 0x00020000, ABSOLUTE)

    Base Addr    Size         Type   Attr      Idx    E Section Name        Object

    0x20000000   0x0000007f   Data   RW           37    .data               main.o
    0x2000007f   0x00000001   PAD
    0x20000080   0x0000000c   Data   RW         1974    .data               stm32f1xx_hal.o
    0x2000008c   0x00000004   Data   RW         2846    .data               system_stm32f1xx.o
    0x20000090   0x00000004   Data   RW         2901    .data               lcd_zk.o
    0x20000094   0x00000cd4   Zero   RW           35    .bss                main.o
    0x20000d68   0x00000020   Zero   RW         2668    .bss                stm32f1xx_hal_flash.o
    0x20000d88   0x00000400   Zero   RW            1    STACK               startup_stm32f103xb.o


==============================================================================

Image component sizes


      Code (inc. data)   RO Data    RW Data    ZI Data      Debug   Object Name

       872         66          0          0          0       8297   adxl345.o
       690         52          0          0          0       7122   ds18b20.o
        52          0          0          0          0        674   flsh.o
      1570         82          0          4          0      11564   lcd_zk.o
      5722        780        165        127       3284     463498   main.o
        36          8        236          0       1024        824   startup_stm32f103xb.o
       164         28          0         12          0       6305   stm32f1xx_hal.o
       194         14          0          0          0      26059   stm32f1xx_hal_cortex.o
       152          4          0          0          0       1203   stm32f1xx_hal_dma.o
       392         46          0          0         32       5130   stm32f1xx_hal_flash.o
       240         26          0          0          0       3445   stm32f1xx_hal_flash_ex.o
       488         42          0          0          0       4354   stm32f1xx_hal_gpio.o
       408         48          0          0          0       3114   stm32f1xx_hal_msp.o
        12          4          0          0          0        563   stm32f1xx_hal_pwr.o
      1308         98          0          0          0       5532   stm32f1xx_hal_rcc.o
       436         46          0          0          0       2685   stm32f1xx_hal_rcc_ex.o
      1412         14          0          0          0      13576   stm32f1xx_hal_rtc.o
        96         10          0          0          0       3656   stm32f1xx_hal_rtc_ex.o
       900         14          0          0          0      10151   stm32f1xx_hal_tim.o
        84          0          0          0          0       2534   stm32f1xx_hal_tim_ex.o
      1402         10          0          0          0       9959   stm32f1xx_hal_uart.o
        76         24          0          0          0       6628   stm32f1xx_it.o
        72         16         24          4          0       1315   system_stm32f1xx.o

    ----------------------------------------------------------------------
     16802       1432        460        148       4340     598188   Object Totals
         0          0         32          0          0          0   (incl. Generated)
        24          0          3          1          0          0   (incl. Padding)

    ----------------------------------------------------------------------

      Code (inc. data)   RO Data    RW Data    ZI Data      Debug   Library Member Name

         0          0          0          0          0          0   entry.o
         0          0          0          0          0          0   entry10a.o
         0          0          0          0          0          0   entry11a.o
         8          4          0          0          0          0   entry2.o
         4          0          0          0          0          0   entry5.o
         0          0          0          0          0          0   entry7b.o
         0          0          0          0          0          0   entry8b.o
         8          4          0          0          0          0   entry9a.o
        30          0          0          0          0          0   handlers.o
        36          8          0          0          0         68   init.o
         0          0          0          0          0          0   iusefp.o
        30          0          0          0          0         68   llshl.o
        36          0          0          0          0         68   llsshr.o
        32          0          0          0          0         68   llushr.o
        36          0          0          0          0        108   memseta.o
        18          0          0          0          0         68   strcpy.o
       334          0          0          0          0        148   dadd.o
       222          0          0          0          0        100   ddiv.o
       186          0          0          0          0        176   depilogue.o
        62          0          0          0          0         80   dfixi.o
        50          0          0          0          0         76   dfixui.o
        34          0          0          0          0         76   dflti.o
       228          0          0          0          0         96   dmul.o
        38          0          0          0          0         68   f2d.o
       110          0          0          0          0        168   fepilogue.o
        18          0          0          0          0         68   fflti.o

    ----------------------------------------------------------------------
      1522         16          0          0          0       1504   Library Totals
         2          0          0          0          0          0   (incl. Padding)

    ----------------------------------------------------------------------

      Code (inc. data)   RO Data    RW Data    ZI Data      Debug   Library Name

       238         16          0          0          0        448   mc_w.l
      1282          0          0          0          0       1056   mf_w.l

    ----------------------------------------------------------------------
      1522         16          0          0          0       1504   Library Totals

    ----------------------------------------------------------------------

==============================================================================


      Code (inc. data)   RO Data    RW Data    ZI Data      Debug   

     18324       1448        460        148       4340     591004   Grand Totals
     18324       1448        460        148       4340     591004   ELF Image Totals
     18324       1448        460        148          0          0   ROM Totals

==============================================================================

    Total RO  Size (Code + RO Data)                18784 (  18.34kB)
    Total RW  Size (RW Data + ZI Data)              4488 (   4.38kB)
    Total ROM Size (Code + RO Data + RW Data)      18932 (  18.49kB)

==============================================================================

